Archive member included to satisfy reference by file (symbol)

/usr/lib/gcc/arm-none-eabi/12.2.1/../../../arm-none-eabi/lib/thumb/v8-m.main/nofp/libc_nano.a(lib_a-assert.o)
                              ./rzg/linaro/open-amp/lib/remoteproc/elf_loader.o (__assert_func)
/usr/lib/gcc/arm-none-eabi/12.2.1/../../../arm-none-eabi/lib/thumb/v8-m.main/nofp/libc_nano.a(lib_a-errno.o)
                              ./rzg/fsp/src/bsp/mcu/all/bsp_sbrk.o (__errno)
/usr/lib/gcc/arm-none-eabi/12.2.1/../../../arm-none-eabi/lib/thumb/v8-m.main/nofp/libc_nano.a(lib_a-fprintf.o)
                              /usr/lib/gcc/arm-none-eabi/12.2.1/../../../arm-none-eabi/lib/thumb/v8-m.main/nofp/libc_nano.a(lib_a-assert.o) (fiprintf)
/usr/lib/gcc/arm-none-eabi/12.2.1/../../../arm-none-eabi/lib/thumb/v8-m.main/nofp/libc_nano.a(lib_a-impure.o)
                              /usr/lib/gcc/arm-none-eabi/12.2.1/../../../arm-none-eabi/lib/thumb/v8-m.main/nofp/libc_nano.a(lib_a-assert.o) (_impure_ptr)
/usr/lib/gcc/arm-none-eabi/12.2.1/../../../arm-none-eabi/lib/thumb/v8-m.main/nofp/libc_nano.a(lib_a-memcpy.o)
                              ./src/rsc_table.o (memcpy)
/usr/lib/gcc/arm-none-eabi/12.2.1/../../../arm-none-eabi/lib/thumb/v8-m.main/nofp/libc_nano.a(lib_a-memset.o)
                              ./src/platform_info.o (memset)
/usr/lib/gcc/arm-none-eabi/12.2.1/../../../arm-none-eabi/lib/thumb/v8-m.main/nofp/libc_nano.a(lib_a-nano-vfprintf.o)
                              /usr/lib/gcc/arm-none-eabi/12.2.1/../../../arm-none-eabi/lib/thumb/v8-m.main/nofp/libc_nano.a(lib_a-fprintf.o) (_vfprintf_r)
/usr/lib/gcc/arm-none-eabi/12.2.1/../../../arm-none-eabi/lib/thumb/v8-m.main/nofp/libc_nano.a(lib_a-nano-vfprintf_i.o)
                              /usr/lib/gcc/arm-none-eabi/12.2.1/../../../arm-none-eabi/lib/thumb/v8-m.main/nofp/libc_nano.a(lib_a-nano-vfprintf.o) (_printf_i)
/usr/lib/gcc/arm-none-eabi/12.2.1/../../../arm-none-eabi/lib/thumb/v8-m.main/nofp/libc_nano.a(lib_a-strcmp.o)
                              ./rzg/linaro/open-amp/lib/remoteproc/elf_loader.o (strcmp)
/usr/lib/gcc/arm-none-eabi/12.2.1/../../../arm-none-eabi/lib/thumb/v8-m.main/nofp/libc_nano.a(lib_a-strncmp.o)
                              ./rzg/linaro/open-amp/lib/rpmsg/rpmsg.o (strncmp)
/usr/lib/gcc/arm-none-eabi/12.2.1/../../../arm-none-eabi/lib/thumb/v8-m.main/nofp/libc_nano.a(lib_a-strncpy.o)
                              ./src/rzg2_rproc.o (strncpy)
/usr/lib/gcc/arm-none-eabi/12.2.1/../../../arm-none-eabi/lib/thumb/v8-m.main/nofp/libc_nano.a(lib_a-wbuf.o)
                              /usr/lib/gcc/arm-none-eabi/12.2.1/../../../arm-none-eabi/lib/thumb/v8-m.main/nofp/libc_nano.a(lib_a-nano-vfprintf.o) (__swbuf_r)
/usr/lib/gcc/arm-none-eabi/12.2.1/../../../arm-none-eabi/lib/thumb/v8-m.main/nofp/libc_nano.a(lib_a-wsetup.o)
                              /usr/lib/gcc/arm-none-eabi/12.2.1/../../../arm-none-eabi/lib/thumb/v8-m.main/nofp/libc_nano.a(lib_a-nano-vfprintf.o) (__swsetup_r)
/usr/lib/gcc/arm-none-eabi/12.2.1/../../../arm-none-eabi/lib/thumb/v8-m.main/nofp/libc_nano.a(lib_a-abort.o)
                              /usr/lib/gcc/arm-none-eabi/12.2.1/../../../arm-none-eabi/lib/thumb/v8-m.main/nofp/libc_nano.a(lib_a-assert.o) (abort)
/usr/lib/gcc/arm-none-eabi/12.2.1/../../../arm-none-eabi/lib/thumb/v8-m.main/nofp/libc_nano.a(lib_a-fflush.o)
                              /usr/lib/gcc/arm-none-eabi/12.2.1/../../../arm-none-eabi/lib/thumb/v8-m.main/nofp/libc_nano.a(lib_a-wbuf.o) (_fflush_r)
/usr/lib/gcc/arm-none-eabi/12.2.1/../../../arm-none-eabi/lib/thumb/v8-m.main/nofp/libc_nano.a(lib_a-findfp.o)
                              /usr/lib/gcc/arm-none-eabi/12.2.1/../../../arm-none-eabi/lib/thumb/v8-m.main/nofp/libc_nano.a(lib_a-nano-vfprintf.o) (__sinit)
/usr/lib/gcc/arm-none-eabi/12.2.1/../../../arm-none-eabi/lib/thumb/v8-m.main/nofp/libc_nano.a(lib_a-fvwrite.o)
                              /usr/lib/gcc/arm-none-eabi/12.2.1/../../../arm-none-eabi/lib/thumb/v8-m.main/nofp/libc_nano.a(lib_a-nano-vfprintf.o) (__sfvwrite_r)
/usr/lib/gcc/arm-none-eabi/12.2.1/../../../arm-none-eabi/lib/thumb/v8-m.main/nofp/libc_nano.a(lib_a-fwalk.o)
                              /usr/lib/gcc/arm-none-eabi/12.2.1/../../../arm-none-eabi/lib/thumb/v8-m.main/nofp/libc_nano.a(lib_a-findfp.o) (_fwalk)
/usr/lib/gcc/arm-none-eabi/12.2.1/../../../arm-none-eabi/lib/thumb/v8-m.main/nofp/libc_nano.a(lib_a-makebuf.o)
                              /usr/lib/gcc/arm-none-eabi/12.2.1/../../../arm-none-eabi/lib/thumb/v8-m.main/nofp/libc_nano.a(lib_a-wsetup.o) (__smakebuf_r)
/usr/lib/gcc/arm-none-eabi/12.2.1/../../../arm-none-eabi/lib/thumb/v8-m.main/nofp/libc_nano.a(lib_a-memchr-stub.o)
                              /usr/lib/gcc/arm-none-eabi/12.2.1/../../../arm-none-eabi/lib/thumb/v8-m.main/nofp/libc_nano.a(lib_a-nano-vfprintf.o) (memchr)
/usr/lib/gcc/arm-none-eabi/12.2.1/../../../arm-none-eabi/lib/thumb/v8-m.main/nofp/libc_nano.a(lib_a-memmove.o)
[...]
Memory Configuration

Name             Origin             Length             Attributes
RAM_S            0x72eff800         0x00000800         xrw
RAM_N            0x60110000         0x02def440         xrw
CODE_S           0x72eff440         0x000003c0         xr
CODE_N           0x60010000         0x00100000         xr
VECTTBL_S        0x1001ff80         0x00000080         xr
VECTTBL_N        0x00010000         0x00000800         xr
OPENAMP_RSCTBL   0x62f00000         0x00001000         rw
MHU_SHMEM        0x62f01000         0x00001000         rw
OPENAMP_VRING    0x63000000         0x00800000         rw
*default*        0x00000000         0xffffffff

Linker script and memory map

START GROUP
LOAD ./src/MainTask_entry.o
LOAD ./src/blinky_thread_entry.o
LOAD ./src/hal_entry.o
LOAD ./src/mbed_printf_implementation.o
LOAD ./src/pin_data.o
LOAD ./src/platform_info.o
LOAD ./src/rpmsg_demo.o
LOAD ./src/rsc_table.o
LOAD ./src/rzg2_rproc.o
LOAD ./src/serial.o
LOAD ./src/sys_init.o
LOAD ./rzg_gen/MainTask.o
LOAD ./rzg_gen/blinky_thread.o
LOAD ./rzg_gen/common_data.o
LOAD ./rzg_gen/hal_data.o
LOAD ./rzg_gen/main.o
LOAD ./rzg_gen/vector_data.o
LOAD ./rzg/linaro/open-amp/lib/virtio/virtio.o
LOAD ./rzg/linaro/open-amp/lib/virtio/virtqueue.o
LOAD ./rzg/linaro/open-amp/lib/rpmsg/rpmsg.o
LOAD ./rzg/linaro/open-amp/lib/rpmsg/rpmsg_virtio.o
LOAD ./rzg/linaro/open-amp/lib/remoteproc/elf_loader.o
LOAD ./rzg/linaro/open-amp/lib/remoteproc/remoteproc.o
LOAD ./rzg/linaro/open-amp/lib/remoteproc/remoteproc_virtio.o
LOAD ./rzg/linaro/open-amp/lib/remoteproc/rsc_table_parser.o
LOAD ./rzg/linaro/libmetal/lib/system/freertos/rzg2/sys.o
LOAD ./rzg/linaro/libmetal/lib/system/freertos/condition.o
LOAD ./rzg/linaro/libmetal/lib/system/freertos/device.o
LOAD ./rzg/linaro/libmetal/lib/system/freertos/init.o
LOAD ./rzg/linaro/libmetal/lib/system/freertos/io.o
LOAD ./rzg/linaro/libmetal/lib/system/freertos/irq.o
LOAD ./rzg/linaro/libmetal/lib/system/freertos/shmem.o
LOAD ./rzg/linaro/libmetal/lib/system/freertos/time.o
LOAD ./rzg/linaro/libmetal/lib/device.o
LOAD ./rzg/linaro/libmetal/lib/dma.o
LOAD ./rzg/linaro/libmetal/lib/init.o
LOAD ./rzg/linaro/libmetal/lib/io.o
LOAD ./rzg/linaro/libmetal/lib/log.o
LOAD ./rzg/linaro/libmetal/lib/shmem.o
LOAD ./rzg/linaro/libmetal/lib/version.o
LOAD ./rzg/fsp/src/rm_freertos_port/port.o
LOAD ./rzg/fsp/src/rm_freertos_port/portasm.o
LOAD ./rzg/fsp/src/r_scif_uart/r_scif_uart.o
LOAD ./rzg/fsp/src/r_mhu_ns/r_mhu_ns.o
LOAD ./rzg/fsp/src/r_ioport/r_ioport.o
LOAD ./rzg/fsp/src/r_gtm/r_gtm.o
LOAD ./rzg/fsp/src/bsp/mcu/all/bsp_clocks.o
LOAD ./rzg/fsp/src/bsp/mcu/all/bsp_common.o
LOAD ./rzg/fsp/src/bsp/mcu/all/bsp_delay.o
LOAD ./rzg/fsp/src/bsp/mcu/all/bsp_group_irq.o
LOAD ./rzg/fsp/src/bsp/mcu/all/bsp_guard.o
LOAD ./rzg/fsp/src/bsp/mcu/all/bsp_io.o
LOAD ./rzg/fsp/src/bsp/mcu/all/bsp_irq.o
LOAD ./rzg/fsp/src/bsp/mcu/all/bsp_irqs.o
LOAD ./rzg/fsp/src/bsp/mcu/all/bsp_sbrk.o
LOAD ./rzg/fsp/src/bsp/mcu/all/bsp_security.o
LOAD ./rzg/fsp/src/bsp/cmsis/Device/RENESAS/Source/startup.o
LOAD ./rzg/fsp/src/bsp/cmsis/Device/RENESAS/Source/startups.o
LOAD ./rzg/fsp/src/bsp/cmsis/Device/RENESAS/Source/system.o
LOAD ./rzg/fsp/src/bsp/cmsis/Device/RENESAS/Source/systems.o
LOAD ./rzg/board/rzg2l_smarc/board_init.o
LOAD ./rzg/board/rzg2l_smarc/board_leds.o
LOAD ./rzg/aws/amazon-freertos/freertos_kernel/portable/MemMang/heap_4.o
LOAD ./rzg/aws/amazon-freertos/freertos_kernel/event_groups.o
LOAD ./rzg/aws/amazon-freertos/freertos_kernel/list.o
LOAD ./rzg/aws/amazon-freertos/freertos_kernel/queue.o
LOAD ./rzg/aws/amazon-freertos/freertos_kernel/stream_buffer.o
LOAD ./rzg/aws/amazon-freertos/freertos_kernel/tasks.o
LOAD ./rzg/aws/amazon-freertos/freertos_kernel/timers.o
END GROUP
LOAD /usr/lib/gcc/arm-none-eabi/12.2.1/../../../arm-none-eabi/lib/thumb/v8-m.main/nofp/libc_nano.a
LOAD /usr/lib/gcc/arm-none-eabi/12.2.1/../../../arm-none-eabi/lib/thumb/v8-m.main/nofp/libnosys.a
START GROUP
END GROUP
START GROUP
LOAD /usr/lib/gcc/arm-none-eabi/12.2.1/thumb/v8-m.main/nofp/libgcc.a
LOAD /usr/lib/gcc/arm-none-eabi/12.2.1/../../../arm-none-eabi/lib/thumb/v8-m.main/nofp/libg_nano.a
LOAD /usr/lib/gcc/arm-none-eabi/12.2.1/../../../arm-none-eabi/lib/thumb/v8-m.main/nofp/libc_nano.a
END GROUP
START GROUP
LOAD /usr/lib/gcc/arm-none-eabi/12.2.1/thumb/v8-m.main/nofp/libgcc.a
LOAD /usr/lib/gcc/arm-none-eabi/12.2.1/../../../arm-none-eabi/lib/thumb/v8-m.main/nofp/libc_nano.a
LOAD /usr/lib/gcc/arm-none-eabi/12.2.1/../../../arm-none-eabi/lib/thumb/v8-m.main/nofp/librdimon_nano.a
END GROUP
START GROUP
LOAD /usr/lib/gcc/arm-none-eabi/12.2.1/thumb/v8-m.main/nofp/libgcc.a
LOAD /usr/lib/gcc/arm-none-eabi/12.2.1/../../../arm-none-eabi/lib/thumb/v8-m.main/nofp/libc_nano.a
LOAD /usr/lib/gcc/arm-none-eabi/12.2.1/../../../arm-none-eabi/lib/thumb/v8-m.main/nofp/librdimon_nano.a
END GROUP
                0x00010000                        VECTBL_N_START = 0x10000
                0x00000800                        VECTBL_N_LENGTH = 0x800
                0x1001ff80                        VECTBL_S_START = 0x1001ff80
                0x00000080                        VECTBL_S_LENGTH = 0x80
                0x60010000                        CODE_N_START = 0x60010000
                0x00100000                        CODE_N_LENGTH = 0x100000
                0x60110000                        RAM_N_START = 0x60110000
                0x02def440                        RAM_N_LENGTH = 0x2def440
                0x72eff440                        CODE_S_START = 0x72eff440
                0x000003c0                        CODE_S_LENGTH = 0x3c0
                0x72eff800                        RAM_S_START = 0x72eff800
                0x00000800                        RAM_S_LENGTH = 0x800
                0x60010000                        DDR_START = 0x60010000
                0x03ef0000                        DDR_LENGTH = 0x3ef0000
                0x62f00000                        OPENAMP_RSCTBL_START = 0x62f00000
                0x00001000                        OPENAMP_RSCTBL_LENGTH = 0x1000
                0x62f01000                        MHU_SHMEM_START = 0x62f01000
                0x00001000                        MHU_SHMEM_LENGTH = 0x1000
                0x63000000                        OPENAMP_VRING_START = 0x63000000
                0x00800000                        OPENAMP_VRING_LENGTH = 0x800000
                0x62f00000                        OPENAMP_RSCTBL_START = DEFINED (OPENAMP_RSCTBL_START)?OPENAMP_RSCTBL_START:0x0
                0x00001000                        OPENAMP_RSCTBL_LENGTH = DEFINED (OPENAMP_RSCTBL_LENGTH)?OPENAMP_RSCTBL_LENGTH:0x0
                0x62f01000                        MHU_SHMEM_START = DEFINED (MHU_SHMEM_START)?MHU_SHMEM_START:0x0
                0x00001000                        MHU_SHMEM_LENGTH = DEFINED (MHU_SHMEM_LENGTH)?MHU_SHMEM_LENGTH:0x0
                0x63000000                        OPENAMP_VRING_START = DEFINED (OPENAMP_VRING_START)?OPENAMP_VRING_START:0x0
                0x00800000                        OPENAMP_VRING_LENGTH = DEFINED (OPENAMP_VRING_LENGTH)?OPENAMP_VRING_LENGTH:0x0
START GROUP
LOAD /usr/lib/gcc/arm-none-eabi/12.2.1/thumb/v8-m.main/nofp/libgcc.a
LOAD /usr/lib/gcc/arm-none-eabi/12.2.1/../../../arm-none-eabi/lib/thumb/v8-m.main/nofp/libc.a
LOAD /usr/lib/gcc/arm-none-eabi/12.2.1/../../../arm-none-eabi/lib/thumb/v8-m.main/nofp/libm.a
LOAD /usr/lib/gcc/arm-none-eabi/12.2.1/../../../arm-none-eabi/lib/thumb/v8-m.main/nofp/libnosys.a
END GROUP
                0x1001ff80                        __tz_VECTBL_S = ABSOLUTE (VECTBL_S_START)
                0x1001ff80                        . = __tz_VECTBL_S

.secure_vector  0x1001ff80       0x40
 *(.fixed_secure_vectors*)
 .fixed_secure_vectors
                0x1001ff80       0x40 ./rzg/fsp/src/bsp/cmsis/Device/RENESAS/Source/startups.o
                0x1001ff80                __Secure_Vectors
                0x72eff440                        __tz_CODE_S = ABSOLUTE (CODE_S_START)
                0x72eff440                        . = __tz_CODE_S

.secure_code    0x72eff440      0x170
 *\bsp_security.o(.text)
 *\bsp_security.o(.text.*)
 .text.R_BSP_NonSecureEnter
                0x72eff440       0x28 ./rzg/fsp/src/bsp/mcu/all/bsp_security.o
                0x72eff440                R_BSP_NonSecureEnter
 .text.R_BSP_PinCfgSecurityInit
                0x72eff468        0x4 ./rzg/fsp/src/bsp/mcu/all/bsp_security.o
                0x72eff468                R_BSP_PinCfgSecurityInit
 .text.R_BSP_SecurityInit
                0x72eff46c       0x38 ./rzg/fsp/src/bsp/mcu/all/bsp_security.o
                0x72eff46c                R_BSP_SecurityInit
 *\bsp_security.o(.rodata)
 *\bsp_security.o(.rodata.*)
 *\bsp_irqs.o(.text)
 *\bsp_irqs.o(.text.*)
 .text.bsp_irq_cfg_s
                0x72eff4a4       0x80 ./rzg/fsp/src/bsp/mcu/all/bsp_irqs.o
                0x72eff4a4                bsp_irq_cfg_s
 *\bsp_irqs.o(.rodata)
 *\bsp_irqs.o(.rodata.*)
 *\startups.o(.text)
 *\startups.o(.text.*)
 .text.Default_Handler_S
                0x72eff524        0x4 ./rzg/fsp/src/bsp/cmsis/Device/RENESAS/Source/startups.o
                0x72eff524                PendSV_Handler_S
                0x72eff524                MemManage_Handler_S
                0x72eff524                Default_Handler_S
                0x72eff524                SysTick_Handler_S
                0x72eff524                HardFault_Handler_S
                0x72eff524                DebugMon_Handler_S
                0x72eff524                SVC_Handler_S
                0x72eff524                BusFault_Handler_S
                0x72eff524                UsageFault_Handler_S
 .text.Reset_Handler_S
                0x72eff528        0x8 ./rzg/fsp/src/bsp/cmsis/Device/RENESAS/Source/startups.o
                0x72eff528                Reset_Handler_S
 .text.SecureFault_Handler
                0x72eff530        0x4 ./rzg/fsp/src/bsp/cmsis/Device/RENESAS/Source/startups.o
                0x72eff530                SecureFault_Handler
 .text.NMI_Handler_S
                0x72eff534        0x4 ./rzg/fsp/src/bsp/cmsis/Device/RENESAS/Source/startups.o
                0x72eff534                NMI_Handler_S
 *\startups.o(.rodata)
 *\startups.o(.rodata.*)
 *\systems.o(.text)
 *\systems.o(.text.*)
 .text.SystemInit_S
                0x72eff538       0x38 ./rzg/fsp/src/bsp/cmsis/Device/RENESAS/Source/systems.o
                0x72eff538                SystemInit_S
 .text.Warm_Reset_S
                0x72eff570       0x38 ./rzg/fsp/src/bsp/cmsis/Device/RENESAS/Source/systems.o
                0x72eff570                Warm_Reset_S
 .text.Warm_Reset_S.__stub
                0x72eff5a8        0x8 linker stubs
 *\systems.o(.rodata)
 *\systems.o(.rodata.*)
                0x72eff5b0                        __CODE_S_End = .
                0x72eff800                        __tz_RAM_S = ABSOLUTE (RAM_S_START)
                0x72eff800                        . = __tz_RAM_S

.s_stack_dummy  0x72eff800      0x200
                0x72eff800                        __S_StackLimit = .
 *(.s_stack)
 .s_stack       0x72eff800      0x200 ./rzg/fsp/src/bsp/cmsis/Device/RENESAS/Source/startups.o
                0x72effa00                        __S_StackTop = .
                0x00010000                        __tz_VECTBL_N = ABSOLUTE (VECTBL_N_START)
                0x00010000                        . = __tz_VECTBL_N

.non_secure_vector
                0x00010000      0x7c0
 *(.fixed_vectors*)
 .fixed_vectors
                0x00010000       0x40 ./rzg/fsp/src/bsp/cmsis/Device/RENESAS/Source/startup.o
                0x00010000                __Vectors
 *(.application_vectors*)
 .application_vectors
                0x00010040      0x780 ./rzg_gen/vector_data.o
                0x00010040                g_vector_table
                0x000107c0                        __Vectors_End = .
                0x000007c0                        __Vectors_Size = (__Vectors_End - __Vectors)
                0x60010000                        __tz_CODE_N = ABSOLUTE (CODE_N_START)
                0x60010000                        . = __tz_CODE_N

.non_secure_code
                0x60010000     0xa870
 *(.text*)
 .text.MainTask_entry
                0x60010000       0xb4 ./src/MainTask_entry.o
                0x60010000                MainTask_entry
 .text.blinky_thread_entry
                0x600100b4       0x74 ./src/blinky_thread_entry.o
                0x600100b4                blinky_thread_entry
 .text.R_BSP_WarmStart
                0x60010128       0x18 ./src/hal_entry.o
                0x60010128                R_BSP_WarmStart
 .text.mbed_minimal_formatted_string_integer
                0x60010140      0x2c8 ./src/mbed_printf_implementation.o
 .text.mbed_minimal_formatted_string
                0x60010408      0x8fc ./src/mbed_printf_implementation.o
                0x60010408                mbed_minimal_formatted_string
 .text.IpiTaskId
                0x60010d04       0x48 ./src/platform_info.o
 .text.platform_create_rpmsg_vdev
                0x60010d4c      0x114 ./src/platform_info.o
                0x60010d4c                platform_create_rpmsg_vdev
 .text.platform_init
                0x60010e60       0xd4 ./src/platform_info.o
                0x60010e60                platform_init
 .text.platform_release_rpmsg_vdev
                0x60010f34       0x48 ./src/platform_info.o
                0x60010f34                platform_release_rpmsg_vdev
 .text.platform_cleanup
                0x60010f7c       0x7c ./src/platform_info.o
                0x60010f7c                platform_cleanup
 .text.rpmsg_service_unbind1
                0x60010ff8       0x24 ./src/rpmsg_demo.o
 .text.rpmsg_service_unbind0
                0x6001101c       0x24 ./src/rpmsg_demo.o
 .text.rpmsg_endpoint_cb0
                0x60011040       0x4c ./src/rpmsg_demo.o
 .text.rpmsg_endpoint_cb1
                0x6001108c       0x4c ./src/rpmsg_demo.o
 .text.app      0x600110d8       0x98 ./src/rpmsg_demo.o
                0x600110d8                app
 .text.init_resource_table
                0x60011170       0x18 ./src/rsc_table.o
                0x60011170                init_resource_table
 .text.get_resource_table
                0x60011188       0x14 ./src/rsc_table.o
                0x60011188                get_resource_table
 .text.rzg2_proc_notify
                0x6001119c       0x1c ./src/rzg2_rproc.o
 .text.rzg2_mhu_callback
                0x600111b8       0x2c ./src/rzg2_rproc.o
 .text.rzg2_proc_remove
                0x600111e4       0x50 ./src/rzg2_rproc.o
 .text.init_memory_device
                0x60011234       0xd0 ./src/rzg2_rproc.o
 .text.rzg2_proc_init
                0x60011304       0xf4 ./src/rzg2_rproc.o
 .text.uart_callback
                0x600113f8       0x4c ./src/serial.o
 .text.outbyte  0x60011444       0xa4 ./src/serial.o
                0x60011444                outbyte
 .text.printf_raw
                0x600114e8       0x24 ./src/serial.o
                0x600114e8                printf_raw
 .text.init_system
                0x6001150c       0x3c ./src/sys_init.o
                0x6001150c                init_system
 .text.MainTask_func
                0x60011548       0x14 ./rzg_gen/MainTask.o
 .text.MainTask_create
                0x6001155c       0x4c ./rzg_gen/MainTask.o
                0x6001155c                MainTask_create
 .text.blinky_thread_func
                0x600115a8       0x14 ./rzg_gen/blinky_thread.o
 .text.blinky_thread_create
                0x600115bc       0x4c ./rzg_gen/blinky_thread.o
                0x600115bc                blinky_thread_create
 .text.g_common_init
                0x60011608        0x4 ./rzg_gen/common_data.o
                0x60011608                g_common_init
 .text.vPortSetupTimerInterrupt
                0x6001160c       0x38 ./rzg_gen/hal_data.o
                0x6001160c                vPortSetupTimerInterrupt
 .text.vPortConfigureTimerForRunTimeStatus
                0x60011644        0x4 ./rzg_gen/hal_data.o
                0x60011644                vPortConfigureTimerForRunTimeStatus
 .text.g_hal_init
                0x60011648        0x4 ./rzg_gen/hal_data.o
                0x60011648                g_hal_init
 .text.rtos_startup_err_callback_internal
                0x6001164c        0x4 ./rzg_gen/main.o
                0x6001164c                rtos_startup_err_callback_internal
                0x6001164c                rtos_startup_err_callback
 .text.rtos_startup_common_init
                0x60011650       0x68 ./rzg_gen/main.o
                0x60011650                rtos_startup_common_init
 .text.startup.main
                0x600116b8       0x50 ./rzg_gen/main.o
                0x600116b8                main
 .text.vApplicationGetIdleTaskMemory
                0x60011708       0x1c ./rzg_gen/main.o
                0x60011708                vApplicationGetIdleTaskMemory
 .text.vApplicationGetTimerTaskMemory
                0x60011724       0x1c ./rzg_gen/main.o
                0x60011724                vApplicationGetTimerTaskMemory
 .text.virtio_create_virtqueues
                0x60011740       0xb8 ./rzg/linaro/open-amp/lib/virtio/virtio.o
                0x60011740                virtio_create_virtqueues
 .text.virtqueue_create
                0x600117f8       0x80 ./rzg/linaro/open-amp/lib/virtio/virtqueue.o
                0x600117f8                virtqueue_create
 .text.virtqueue_add_buffer
                0x60011878       0xf0 ./rzg/linaro/open-amp/lib/virtio/virtqueue.o
                0x60011878                virtqueue_add_buffer
 .text.virtqueue_get_buffer
                0x60011968       0x9c ./rzg/linaro/open-amp/lib/virtio/virtqueue.o
                0x60011968                virtqueue_get_buffer
 .text.virtqueue_get_available_buffer
                0x60011a04       0xa8 ./rzg/linaro/open-amp/lib/virtio/virtqueue.o
                0x60011a04                virtqueue_get_available_buffer
 .text.virtqueue_add_consumed_buffer
                0x60011aac       0x3c ./rzg/linaro/open-amp/lib/virtio/virtqueue.o
                0x60011aac                virtqueue_add_consumed_buffer
 .text.virtqueue_kick
                0x60011ae8       0x48 ./rzg/linaro/open-amp/lib/virtio/virtqueue.o
                0x60011ae8                virtqueue_kick
 .text.virtqueue_get_desc_size
                0x60011b30       0x28 ./rzg/linaro/open-amp/lib/virtio/virtqueue.o
                0x60011b30                virtqueue_get_desc_size
 .text.virtqueue_notification
                0x60011b58        0xc ./rzg/linaro/open-amp/lib/virtio/virtqueue.o
                0x60011b58                virtqueue_notification
 .text.rpmsg_unregister_endpoint
                0x60011b64       0x44 ./rzg/linaro/open-amp/lib/rpmsg/rpmsg.o
 .text.rpmsg_send_offchannel_raw
                0x60011ba8       0x2c ./rzg/linaro/open-amp/lib/rpmsg/rpmsg.o
                0x60011ba8                rpmsg_send_offchannel_raw
 .text.rpmsg_send_ns_message
                0x60011bd4       0x40 ./rzg/linaro/open-amp/lib/rpmsg/rpmsg.o
                0x60011bd4                rpmsg_send_ns_message
 .text.rpmsg_get_endpoint
                0x60011c14       0x88 ./rzg/linaro/open-amp/lib/rpmsg/rpmsg.o
                0x60011c14                rpmsg_get_endpoint
 .text.rpmsg_register_endpoint
                0x60011c9c       0x1c ./rzg/linaro/open-amp/lib/rpmsg/rpmsg.o
                0x60011c9c                rpmsg_register_endpoint
 .text.rpmsg_create_ept
                0x60011cb8      0x10c ./rzg/linaro/open-amp/lib/rpmsg/rpmsg.o
                0x60011cb8                rpmsg_create_ept
 .text.rpmsg_destroy_ept
                0x60011dc4       0x48 ./rzg/linaro/open-amp/lib/rpmsg/rpmsg.o
                0x60011dc4                rpmsg_destroy_ept
 .text.rpmsg_virtio_tx_callback
                0x60011e0c        0x4 ./rzg/linaro/open-amp/lib/rpmsg/rpmsg_virtio.o
 .text.rpmsg_virtio_get_rx_buffer
                0x60011e10       0x3c ./rzg/linaro/open-amp/lib/rpmsg/rpmsg_virtio.o
 .text.rpmsg_virtio_rx_callback
                0x60011e4c       0xe8 ./rzg/linaro/open-amp/lib/rpmsg/rpmsg_virtio.o
 .text.rpmsg_virtio_ns_callback
                0x60011f34       0xb0 ./rzg/linaro/open-amp/lib/rpmsg/rpmsg_virtio.o
 .text.rpmsg_virtio_shm_pool_get_buffer
                0x60011fe4       0x20 ./rzg/linaro/open-amp/lib/rpmsg/rpmsg_virtio.o
                0x60011fe4                rpmsg_virtio_shm_pool_get_buffer
 .text.rpmsg_virtio_send_offchannel_raw
                0x60012004      0x1b8 ./rzg/linaro/open-amp/lib/rpmsg/rpmsg_virtio.o
 .text.rpmsg_init_vdev
                0x600121bc      0x1f0 ./rzg/linaro/open-amp/lib/rpmsg/rpmsg_virtio.o
                0x600121bc                rpmsg_init_vdev
 .text.rpmsg_deinit_vdev
                0x600123ac       0x20 ./rzg/linaro/open-amp/lib/rpmsg/rpmsg_virtio.o
                0x600123ac                rpmsg_deinit_vdev
 .text.remoteproc_virtio_notify
                0x600123cc        0x8 ./rzg/linaro/open-amp/lib/remoteproc/remoteproc.o
 .text.remoteproc_set_rsc_table
                0x600123d4       0x70 ./rzg/linaro/open-amp/lib/remoteproc/remoteproc.o
                0x600123d4                remoteproc_set_rsc_table
 .text.remoteproc_init
                0x60012444       0x38 ./rzg/linaro/open-amp/lib/remoteproc/remoteproc.o
                0x60012444                remoteproc_init
 .text.remoteproc_remove
                0x6001247c       0x44 ./rzg/linaro/open-amp/lib/remoteproc/remoteproc.o
                0x6001247c                remoteproc_remove
 .text.remoteproc_get_io_with_pa
                0x600124c0       0x50 ./rzg/linaro/open-amp/lib/remoteproc/remoteproc.o
                0x600124c0                remoteproc_get_io_with_pa
 .text.remoteproc_mmap
                0x60012510      0x178 ./rzg/linaro/open-amp/lib/remoteproc/remoteproc.o
                0x60012510                remoteproc_mmap
 .text.remoteproc_allocate_id
                0x60012688       0xa0 ./rzg/linaro/open-amp/lib/remoteproc/remoteproc.o
                0x60012688                remoteproc_allocate_id
 .text.remoteproc_create_virtio
                0x60012728      0x174 ./rzg/linaro/open-amp/lib/remoteproc/remoteproc.o
                0x60012728                remoteproc_create_virtio
 .text.remoteproc_remove_virtio
                0x6001289c       0x38 ./rzg/linaro/open-amp/lib/remoteproc/remoteproc.o
                0x6001289c                remoteproc_remove_virtio
 .text.remoteproc_get_notification
                0x600128d4       0x2c ./rzg/linaro/open-amp/lib/remoteproc/remoteproc.o
                0x600128d4                remoteproc_get_notification
 .text.rproc_virtio_negotiate_features
                0x60012900        0x4 ./rzg/linaro/open-amp/lib/remoteproc/remoteproc_virtio.o
 .text.rproc_virtio_read_config
                0x60012904        0x4 ./rzg/linaro/open-amp/lib/remoteproc/remoteproc_virtio.o
 .text.rproc_virtio_virtqueue_notify
                0x60012908       0x3c ./rzg/linaro/open-amp/lib/remoteproc/remoteproc_virtio.o
 .text.metal_io_write.part.0
                0x60012944       0x1c ./rzg/linaro/open-amp/lib/remoteproc/remoteproc_virtio.o
 .text.metal_io_read.part.0
                0x60012960       0x1c ./rzg/linaro/open-amp/lib/remoteproc/remoteproc_virtio.o
 .text.rproc_virtio_write_config
                0x6001297c        0x4 ./rzg/linaro/open-amp/lib/remoteproc/remoteproc_virtio.o
 .text.rproc_virtio_get_features
                0x60012980       0x54 ./rzg/linaro/open-amp/lib/remoteproc/remoteproc_virtio.o
 .text.rproc_virtio_get_status
                0x600129d4       0x50 ./rzg/linaro/open-amp/lib/remoteproc/remoteproc_virtio.o
 .text.rproc_virtio_set_status
                0x60012a24       0x70 ./rzg/linaro/open-amp/lib/remoteproc/remoteproc_virtio.o
 .text.rproc_virtio_reset_device
                0x60012a94        0xc ./rzg/linaro/open-amp/lib/remoteproc/remoteproc_virtio.o
 .text.rproc_virtio_set_features
                0x60012aa0       0x70 ./rzg/linaro/open-amp/lib/remoteproc/remoteproc_virtio.o
 .text.rproc_virtio_create_vdev
                0x60012b10      0x110 ./rzg/linaro/open-amp/lib/remoteproc/remoteproc_virtio.o
                0x60012b10                rproc_virtio_create_vdev
 .text.rproc_virtio_remove_vdev
                0x60012c20       0x40 ./rzg/linaro/open-amp/lib/remoteproc/remoteproc_virtio.o
                0x60012c20                rproc_virtio_remove_vdev
 .text.rproc_virtio_init_vring
                0x60012c60       0x30 ./rzg/linaro/open-amp/lib/remoteproc/remoteproc_virtio.o
                0x60012c60                rproc_virtio_init_vring
 .text.rproc_virtio_notified
                0x60012c90       0x48 ./rzg/linaro/open-amp/lib/remoteproc/remoteproc_virtio.o
                0x60012c90                rproc_virtio_notified
 .text.handle_trace_rsc
                0x60012cd8       0x1c ./rzg/linaro/open-amp/lib/remoteproc/rsc_table_parser.o
                0x60012cd8                handle_trace_rsc
 .text.handle_dummy_rsc
                0x60012cf4        0x8 ./rzg/linaro/open-amp/lib/remoteproc/rsc_table_parser.o
 .text.handle_carve_out_rsc
                0x60012cfc       0x3c ./rzg/linaro/open-amp/lib/remoteproc/rsc_table_parser.o
                0x60012cfc                handle_carve_out_rsc
 .text.handle_vdev_rsc
                0x60012d38       0x3c ./rzg/linaro/open-amp/lib/remoteproc/rsc_table_parser.o
                0x60012d38                handle_vdev_rsc
 .text.handle_rsc_table
                0x60012d74       0xb0 ./rzg/linaro/open-amp/lib/remoteproc/rsc_table_parser.o
                0x60012d74                handle_rsc_table
 .text.find_rsc
                0x60012e24       0x54 ./rzg/linaro/open-amp/lib/remoteproc/rsc_table_parser.o
                0x60012e24                find_rsc
 .text.sys_irq_restore_enable
                0x60012e78        0x4 ./rzg/linaro/libmetal/lib/system/freertos/rzg2/sys.o
                0x60012e78                sys_irq_restore_enable
 .text.sys_irq_save_disable
                0x60012e7c        0x4 ./rzg/linaro/libmetal/lib/system/freertos/rzg2/sys.o
                0x60012e7c                sys_irq_save_disable
 .text.metal_machine_cache_flush
                0x60012e80        0x4 ./rzg/linaro/libmetal/lib/system/freertos/rzg2/sys.o
                0x60012e80                metal_machine_cache_flush
 .text.metal_machine_cache_invalidate
                0x60012e84        0x4 ./rzg/linaro/libmetal/lib/system/freertos/rzg2/sys.o
                0x60012e84                metal_machine_cache_invalidate
 .text.metal_machine_io_mem_map
                0x60012e88        0x4 ./rzg/linaro/libmetal/lib/system/freertos/rzg2/sys.o
                0x60012e88                metal_machine_io_mem_map
 .text.metal_generic_dev_sys_open
                0x60012e8c       0x14 ./rzg/linaro/libmetal/lib/system/freertos/device.o
                0x60012e8c                metal_generic_dev_sys_open
 .text.metal_sys_init
                0x60012ea0       0x10 ./rzg/linaro/libmetal/lib/system/freertos/init.o
                0x60012ea0                metal_sys_init
 .text.metal_sys_io_mem_map
                0x60012eb0       0x3c ./rzg/linaro/libmetal/lib/system/freertos/io.o
                0x60012eb0                metal_sys_io_mem_map
 .text.metal_irq_register
                0x60012eec      0x23c ./rzg/linaro/libmetal/lib/system/freertos/irq.o
                0x60012eec                metal_irq_register
 .text.metal_irq_unregister
                0x60013128      0x1e8 ./rzg/linaro/libmetal/lib/system/freertos/irq.o
                0x60013128                metal_irq_unregister
 .text.metal_irq_enable
                0x60013310       0x24 ./rzg/linaro/libmetal/lib/system/freertos/irq.o
                0x60013310                metal_irq_enable
 .text.metal_irq_disable
                0x60013334       0x24 ./rzg/linaro/libmetal/lib/system/freertos/irq.o
                0x60013334                metal_irq_disable
 .text.metal_generic_dev_open
                0x60013358       0x3c ./rzg/linaro/libmetal/lib/device.o
                0x60013358                metal_generic_dev_open
 .text.metal_generic_dev_dma_map
                0x60013394       0x54 ./rzg/linaro/libmetal/lib/device.o
                0x60013394                metal_generic_dev_dma_map
 .text.metal_generic_dev_dma_unmap
                0x600133e8       0x28 ./rzg/linaro/libmetal/lib/device.o
                0x600133e8                metal_generic_dev_dma_unmap
 .text.metal_bus_register
                0x60013410       0x80 ./rzg/linaro/libmetal/lib/device.o
                0x60013410                metal_bus_register
 .text.metal_device_open
                0x60013490       0x70 ./rzg/linaro/libmetal/lib/device.o
                0x60013490                metal_device_open
 .text.metal_device_close
                0x60013500       0x2c ./rzg/linaro/libmetal/lib/device.o
                0x60013500                metal_device_close
 .text.metal_register_generic_device
                0x6001352c       0x40 ./rzg/linaro/libmetal/lib/device.o
                0x6001352c                metal_register_generic_device
 .text.metal_init
                0x6001356c       0x44 ./rzg/linaro/libmetal/lib/init.o
                0x6001356c                metal_init
 .text.metal_io_block_read
                0x600135b0       0xbc ./rzg/linaro/libmetal/lib/io.o
                0x600135b0                metal_io_block_read
 .text.metal_io_block_write
                0x6001366c       0xb4 ./rzg/linaro/libmetal/lib/io.o
                0x6001366c                metal_io_block_write
 .text.metal_io_block_set
                0x60013720       0x94 ./rzg/linaro/libmetal/lib/io.o
                0x60013720                metal_io_block_set
 .text.metal_default_log_handler
                0x600137b4        0x8 ./rzg/linaro/libmetal/lib/log.o
                0x600137b4                metal_default_log_handler
 .text.SysTick_Handler
                0x600137bc       0x24 ./rzg/fsp/src/rm_freertos_port/port.o
                0x600137bc                SysTick_Handler
 .text.prvTaskExitError.part.0
                0x600137e0       0x1c ./rzg/fsp/src/rm_freertos_port/port.o
 .text.prvTaskExitError
                0x600137fc       0x28 ./rzg/fsp/src/rm_freertos_port/port.o
 .text.rm_freertos_port_sleep_preserving_lpm.part.0
                0x60013824       0xb0 ./rzg/fsp/src/rm_freertos_port/port.o
 .text.vPortYield
                0x600138d4       0x18 ./rzg/fsp/src/rm_freertos_port/port.o
                0x600138d4                vPortYield
 .text.vPortEnterCritical
                0x600138ec       0x1c ./rzg/fsp/src/rm_freertos_port/port.o
                0x600138ec                vPortEnterCritical
 .text.vPortExitCritical
                0x60013908       0x3c ./rzg/fsp/src/rm_freertos_port/port.o
                0x60013908                vPortExitCritical
 .text.vPortSVCHandler_C
                0x60013944       0x30 ./rzg/fsp/src/rm_freertos_port/port.o
                0x60013944                vPortSVCHandler_C
 .text.pxPortInitialiseStack
                0x60013974       0x78 ./rzg/fsp/src/rm_freertos_port/port.o
                0x60013974                pxPortInitialiseStack
 .text.xPortStartScheduler
                0x600139ec       0x64 ./rzg/fsp/src/rm_freertos_port/port.o
                0x600139ec                xPortStartScheduler
 .text.vApplicationIdleHook
                0x60013a50       0x18 ./rzg/fsp/src/rm_freertos_port/port.o
                0x60013a50                vApplicationIdleHook
 .text.vPortDefineHeapRegions
                0x60013a68        0x4 ./rzg/fsp/src/rm_freertos_port/port.o
                0x60013a68                vPortDefineHeapRegions
 *fill*         0x60013a6c        0x4 
 .text.vRestoreContextOfFirstTask
                0x60013a70       0x34 ./rzg/fsp/src/rm_freertos_port/portasm.o
                0x60013a70                vRestoreContextOfFirstTask
 *fill*         0x60013aa4        0xc 
 .text.vStartFirstTask
                0x60013ab0       0x24 ./rzg/fsp/src/rm_freertos_port/portasm.o
                0x60013ab0                vStartFirstTask
 .text.ulSetInterruptMask
                0x60013ad4       0x18 ./rzg/fsp/src/rm_freertos_port/portasm.o
                0x60013ad4                ulSetInterruptMask
 .text.vClearInterruptMask
                0x60013aec       0x10 ./rzg/fsp/src/rm_freertos_port/portasm.o
                0x60013aec                vClearInterruptMask
 *fill*         0x60013afc        0x4 
 .text.PendSV_Handler_NS
                0x60013b00       0x54 ./rzg/fsp/src/rm_freertos_port/portasm.o
                0x60013b00                PendSV_Handler_NS
 *fill*         0x60013b54        0xc 
 .text.SVC_Handler_NS
                0x60013b60       0x24 ./rzg/fsp/src/rm_freertos_port/portasm.o
                0x60013b60                SVC_Handler_NS
 .text.R_SCIF_UART_Close
                0x60013b84       0xf8 ./rzg/fsp/src/r_scif_uart/r_scif_uart.o
                0x60013b84                R_SCIF_UART_Close
 .text.R_SCIF_UART_Read
                0x60013c7c        0xc ./rzg/fsp/src/r_scif_uart/r_scif_uart.o
                0x60013c7c                R_SCIF_UART_Read
 .text.R_SCIF_UART_Write
                0x60013c88       0x34 ./rzg/fsp/src/r_scif_uart/r_scif_uart.o
                0x60013c88                R_SCIF_UART_Write
 .text.R_SCIF_UART_CallbackSet
                0x60013cbc       0x10 ./rzg/fsp/src/r_scif_uart/r_scif_uart.o
                0x60013cbc                R_SCIF_UART_CallbackSet
 .text.R_SCIF_UART_InfoGet
                0x60013ccc        0xc ./rzg/fsp/src/r_scif_uart/r_scif_uart.o
                0x60013ccc                R_SCIF_UART_InfoGet
 .text.R_SCIF_UART_VersionGet
                0x60013cd8       0x10 ./rzg/fsp/src/r_scif_uart/r_scif_uart.o
                0x60013cd8                R_SCIF_UART_VersionGet
 .text.r_scif_uart_call_callback
                0x60013ce8       0x44 ./rzg/fsp/src/r_scif_uart/r_scif_uart.o
 .text.scif_uart_receive_sub
                0x60013d2c       0x60 ./rzg/fsp/src/r_scif_uart/r_scif_uart.o
 .text.R_SCIF_UART_Abort
                0x60013d8c       0x60 ./rzg/fsp/src/r_scif_uart/r_scif_uart.o
                0x60013d8c                R_SCIF_UART_Abort
 .text.R_SCIF_UART_BaudSet
                0x60013dec       0x80 ./rzg/fsp/src/r_scif_uart/r_scif_uart.o
                0x60013dec                R_SCIF_UART_BaudSet
 .text.R_SCIF_UART_Open
                0x60013e6c      0x358 ./rzg/fsp/src/r_scif_uart/r_scif_uart.o
                0x60013e6c                R_SCIF_UART_Open
 .text.scif_uart_txi_isr
                0x600141c4       0x88 ./rzg/fsp/src/r_scif_uart/r_scif_uart.o
                0x600141c4                scif_uart_txi_isr
 .text.scif_uart_rxi_isr
                0x6001424c       0x30 ./rzg/fsp/src/r_scif_uart/r_scif_uart.o
                0x6001424c                scif_uart_rxi_isr
 .text.scif_uart_tei_isr
                0x6001427c       0x60 ./rzg/fsp/src/r_scif_uart/r_scif_uart.o
                0x6001427c                scif_uart_tei_isr
 .text.scif_uart_eri_isr
                0x600142dc       0x2c ./rzg/fsp/src/r_scif_uart/r_scif_uart.o
                0x600142dc                scif_uart_eri_isr
 .text.scif_uart_bri_isr
                0x60014308       0x68 ./rzg/fsp/src/r_scif_uart/r_scif_uart.o
                0x60014308                scif_uart_bri_isr
 .text.R_MHU_NS_Open
                0x60014370       0xd0 ./rzg/fsp/src/r_mhu_ns/r_mhu_ns.o
                0x60014370                R_MHU_NS_Open
 .text.R_MHU_NS_CallbackSet
                0x60014440       0x10 ./rzg/fsp/src/r_mhu_ns/r_mhu_ns.o
                0x60014440                R_MHU_NS_CallbackSet
 .text.R_MHU_NS_Close
                0x60014450       0x54 ./rzg/fsp/src/r_mhu_ns/r_mhu_ns.o
                0x60014450                R_MHU_NS_Close
 .text.R_MHU_NS_VersionGet
                0x600144a4        0xc ./rzg/fsp/src/r_mhu_ns/r_mhu_ns.o
                0x600144a4                R_MHU_NS_VersionGet
 .text.R_MHU_NS_MsgSend
                0x600144b0       0x2c ./rzg/fsp/src/r_mhu_ns/r_mhu_ns.o
                0x600144b0                R_MHU_NS_MsgSend
 .text.R_MHU_NS_IsrSub
                0x600144dc       0x6c ./rzg/fsp/src/r_mhu_ns/r_mhu_ns.o
                0x600144dc                R_MHU_NS_IsrSub
 .text.mhu_ns_int_isr
                0x60014548       0x10 ./rzg/fsp/src/r_mhu_ns/r_mhu_ns.o
                0x60014548                mhu_ns_int_isr
 .text.r_ioport_dedicated_port_cfg
                0x60014558       0xc0 ./rzg/fsp/src/r_ioport/r_ioport.o
 .text.r_ioport_peri_mode_pin_config
                0x60014618      0x150 ./rzg/fsp/src/r_ioport/r_ioport.o
 .text.r_ioport_port_mode_pin_config
                0x60014768      0x1a8 ./rzg/fsp/src/r_ioport/r_ioport.o
 .text.r_ioport_pins_config
                0x60014910       0x98 ./rzg/fsp/src/r_ioport/r_ioport.o
 .text.R_IOPORT_Open
                0x600149a8       0x14 ./rzg/fsp/src/r_ioport/r_ioport.o
                0x600149a8                R_IOPORT_Open
 .text.R_GTM_Open
                0x600149bc       0xc8 ./rzg/fsp/src/r_gtm/r_gtm.o
                0x600149bc                R_GTM_Open
 .text.R_GTM_Start
                0x60014a84        0xc ./rzg/fsp/src/r_gtm/r_gtm.o
                0x60014a84                R_GTM_Start
 .text.R_GTM_Stop
                0x60014a90        0xc ./rzg/fsp/src/r_gtm/r_gtm.o
                0x60014a90                R_GTM_Stop
 .text.R_GTM_Reset
                0x60014a9c        0x4 ./rzg/fsp/src/r_gtm/r_gtm.o
                0x60014a9c                R_GTM_Reset
 .text.R_GTM_PeriodSet
                0x60014aa0        0xc ./rzg/fsp/src/r_gtm/r_gtm.o
                0x60014aa0                R_GTM_PeriodSet
 .text.R_GTM_DutyCycleSet
                0x60014aac        0x4 ./rzg/fsp/src/r_gtm/r_gtm.o
                0x60014aac                R_GTM_DutyCycleSet
 .text.R_GTM_StatusGet
                0x60014ab0       0x14 ./rzg/fsp/src/r_gtm/r_gtm.o
                0x60014ab0                R_GTM_StatusGet
 .text.R_GTM_CallbackSet
                0x60014ac4       0x10 ./rzg/fsp/src/r_gtm/r_gtm.o
                0x60014ac4                R_GTM_CallbackSet
 .text.R_GTM_Close
                0x60014ad4       0x64 ./rzg/fsp/src/r_gtm/r_gtm.o
                0x60014ad4                R_GTM_Close
 .text.R_GTM_VersionGet
                0x60014b38       0x10 ./rzg/fsp/src/r_gtm/r_gtm.o
                0x60014b38                R_GTM_VersionGet
 .text.R_GTM_InfoGet
                0x60014b48       0x24 ./rzg/fsp/src/r_gtm/r_gtm.o
                0x60014b48                R_GTM_InfoGet
 .text.R_GTM_Disable
                0x60014b6c        0x4 ./rzg/fsp/src/r_gtm/r_gtm.o
                0x60014b6c                R_GTM_Disable
 .text.R_GTM_Enable
                0x60014b70        0x4 ./rzg/fsp/src/r_gtm/r_gtm.o
                0x60014b70                R_GTM_Enable
 .text.gtm_int_isr
                0x60014b74       0x54 ./rzg/fsp/src/r_gtm/r_gtm.o
                0x60014b74                gtm_int_isr
 .text.SystemCoreClockUpdate
                0x60014bc8       0x14 ./rzg/fsp/src/bsp/mcu/all/bsp_clocks.o
                0x60014bc8                SystemCoreClockUpdate
 *fill*         0x60014bdc        0x4 
 .text.bsp_clock_freq_var_init
                0x60014be0       0xd8 ./rzg/fsp/src/bsp/mcu/all/bsp_clocks.o
                0x60014be0                bsp_clock_freq_var_init
 .text.bsp_clock_init
                0x60014cb8       0xd8 ./rzg/fsp/src/bsp/mcu/all/bsp_clocks.o
                0x60014cb8                bsp_clock_init
 .text.R_FSP_SystemClockHzGet
                0x60014d90        0xc ./rzg/fsp/src/bsp/mcu/all/bsp_clocks.o
                0x60014d90                R_FSP_SystemClockHzGet
 .text.bsp_irq_cfg
                0x60014d9c        0x4 ./rzg/fsp/src/bsp/mcu/all/bsp_irq.o
                0x60014d9c                bsp_irq_cfg
 .text._sbrk    0x60014da0       0x40 ./rzg/fsp/src/bsp/mcu/all/bsp_sbrk.o
                0x60014da0                _sbrk
 .text.Default_Handler
                0x60014de0        0x4 ./rzg/fsp/src/bsp/cmsis/Device/RENESAS/Source/startup.o
                0x60014de0                MemManage_Handler_NS
                0x60014de0                BusFault_Handler_NS
                0x60014de0                Default_Handler
                0x60014de0                UsageFault_Handler_NS
                0x60014de0                DebugMon_Handler_NS
                0x60014de0                HardFault_Handler_NS
                0x60014de0                SysTick_Handler_NS
 .text.Reset_Handler_NS
                0x60014de4        0xc ./rzg/fsp/src/bsp/cmsis/Device/RENESAS/Source/startup.o
                0x60014de4                Reset_Handler_NS
 .text.NMI_Handler_NS
                0x60014df0        0x4 ./rzg/fsp/src/bsp/cmsis/Device/RENESAS/Source/startup.o
                0x60014df0                NMI_Handler_NS
 .text.SystemInit
                0x60014df4       0x78 ./rzg/fsp/src/bsp/cmsis/Device/RENESAS/Source/system.o
                0x60014df4                SystemInit
 .text.bsp_init
                0x60014e6c        0x4 ./rzg/board/rzg2l_smarc/board_init.o
                0x60014e6c                bsp_init
 .text.prvInsertBlockIntoFreeList
                0x60014e70       0x60 ./rzg/aws/amazon-freertos/freertos_kernel/portable/MemMang/heap_4.o
 .text.pvPortMalloc
                0x60014ed0      0x140 ./rzg/aws/amazon-freertos/freertos_kernel/portable/MemMang/heap_4.o
                0x60014ed0                pvPortMalloc
 .text.vPortFree
                0x60015010       0x84 ./rzg/aws/amazon-freertos/freertos_kernel/portable/MemMang/heap_4.o
                0x60015010                vPortFree
 .text.vListInitialise
                0x60015094       0x18 ./rzg/aws/amazon-freertos/freertos_kernel/list.o
                0x60015094                vListInitialise
 .text.vListInitialiseItem
                0x600150ac        0x8 ./rzg/aws/amazon-freertos/freertos_kernel/list.o
                0x600150ac                vListInitialiseItem
 .text.vListInsertEnd
                0x600150b4       0x1c ./rzg/aws/amazon-freertos/freertos_kernel/list.o
                0x600150b4                vListInsertEnd
 .text.vListInsert
                0x600150d0       0x30 ./rzg/aws/amazon-freertos/freertos_kernel/list.o
                0x600150d0                vListInsert
 .text.uxListRemove
                0x60015100       0x24 ./rzg/aws/amazon-freertos/freertos_kernel/list.o
                0x60015100                uxListRemove
 .text.prvCopyDataToQueue
                0x60015124       0x60 ./rzg/aws/amazon-freertos/freertos_kernel/queue.o
 .text.prvUnlockQueue
                0x60015184       0x8c ./rzg/aws/amazon-freertos/freertos_kernel/queue.o
 .text.xQueueGenericReset
                0x60015210       0x84 ./rzg/aws/amazon-freertos/freertos_kernel/queue.o
                0x60015210                xQueueGenericReset
 .text.xQueueGenericCreateStatic
                0x60015294       0xa8 ./rzg/aws/amazon-freertos/freertos_kernel/queue.o
                0x60015294                xQueueGenericCreateStatic
 .text.xQueueCreateCountingSemaphoreStatic
                0x6001533c       0x8c ./rzg/aws/amazon-freertos/freertos_kernel/queue.o
                0x6001533c                xQueueCreateCountingSemaphoreStatic
 .text.xQueueCreateCountingSemaphore
                0x600153c8       0x5c ./rzg/aws/amazon-freertos/freertos_kernel/queue.o
                0x600153c8                xQueueCreateCountingSemaphore
 .text.xQueueGenericSend
                0x60015424      0x17c ./rzg/aws/amazon-freertos/freertos_kernel/queue.o
                0x60015424                xQueueGenericSend
 .text.xQueueGenericSendFromISR
                0x600155a0       0xe8 ./rzg/aws/amazon-freertos/freertos_kernel/queue.o
                0x600155a0                xQueueGenericSendFromISR
 .text.xQueueGiveFromISR
                0x60015688       0xc8 ./rzg/aws/amazon-freertos/freertos_kernel/queue.o
                0x60015688                xQueueGiveFromISR
 .text.xQueueReceive
                0x60015750      0x168 ./rzg/aws/amazon-freertos/freertos_kernel/queue.o
                0x60015750                xQueueReceive
 .text.xQueueSemaphoreTake
                0x600158b8      0x144 ./rzg/aws/amazon-freertos/freertos_kernel/queue.o
                0x600158b8                xQueueSemaphoreTake
 .text.vQueueDelete
                0x600159fc       0x60 ./rzg/aws/amazon-freertos/freertos_kernel/queue.o
                0x600159fc                vQueueDelete
 .text.vQueueAddToRegistry
                0x60015a5c       0x2c ./rzg/aws/amazon-freertos/freertos_kernel/queue.o
                0x60015a5c                vQueueAddToRegistry
 .text.vQueueWaitForMessageRestricted
                0x60015a88       0x50 ./rzg/aws/amazon-freertos/freertos_kernel/queue.o
                0x60015a88                vQueueWaitForMessageRestricted
 .text.prvAddNewTaskToReadyList
                0x60015ad8      0x100 ./rzg/aws/amazon-freertos/freertos_kernel/tasks.o
 .text.prvAddCurrentTaskToDelayedList
                0x60015bd8       0x74 ./rzg/aws/amazon-freertos/freertos_kernel/tasks.o
 .text.prvInitialiseNewTask.constprop.0
                0x60015c4c       0x98 ./rzg/aws/amazon-freertos/freertos_kernel/tasks.o
 .text.prvIdleTask
                0x60015ce4       0x94 ./rzg/aws/amazon-freertos/freertos_kernel/tasks.o
 .text.xTaskCreateStatic
                0x60015d78       0x78 ./rzg/aws/amazon-freertos/freertos_kernel/tasks.o
                0x60015d78                xTaskCreateStatic
 .text.xTaskCreate
                0x60015df0       0x60 ./rzg/aws/amazon-freertos/freertos_kernel/tasks.o
                0x60015df0                xTaskCreate
 .text.vTaskDelete
                0x60015e50      0x10c ./rzg/aws/amazon-freertos/freertos_kernel/tasks.o
                0x60015e50                vTaskDelete
 .text.vTaskStartScheduler
                0x60015f5c       0x98 ./rzg/aws/amazon-freertos/freertos_kernel/tasks.o
                0x60015f5c                vTaskStartScheduler
 .text.vTaskSuspendAll
                0x60015ff4       0x10 ./rzg/aws/amazon-freertos/freertos_kernel/tasks.o
                0x60015ff4                vTaskSuspendAll
 .text.xTaskGetTickCount
                0x60016004        0xc ./rzg/aws/amazon-freertos/freertos_kernel/tasks.o
                0x60016004                xTaskGetTickCount
 .text.xTaskIncrementTick
                0x60016010      0x15c ./rzg/aws/amazon-freertos/freertos_kernel/tasks.o
                0x60016010                xTaskIncrementTick
 .text.xTaskResumeAll
                0x6001616c      0x11c ./rzg/aws/amazon-freertos/freertos_kernel/tasks.o
                0x6001616c                xTaskResumeAll
 .text.vTaskDelay
                0x60016288       0x48 ./rzg/aws/amazon-freertos/freertos_kernel/tasks.o
                0x60016288                vTaskDelay
 .text.vTaskSwitchContext
                0x600162d0       0x90 ./rzg/aws/amazon-freertos/freertos_kernel/tasks.o
                0x600162d0                vTaskSwitchContext
 .text.vTaskPlaceOnEventList
                0x60016360       0x3c ./rzg/aws/amazon-freertos/freertos_kernel/tasks.o
                0x60016360                vTaskPlaceOnEventList
 .text.vTaskPlaceOnEventListRestricted
                0x6001639c       0x48 ./rzg/aws/amazon-freertos/freertos_kernel/tasks.o
                0x6001639c                vTaskPlaceOnEventListRestricted
 .text.xTaskRemoveFromEventList
                0x600163e4       0x94 ./rzg/aws/amazon-freertos/freertos_kernel/tasks.o
                0x600163e4                xTaskRemoveFromEventList
 .text.vTaskInternalSetTimeOutState
                0x60016478       0x18 ./rzg/aws/amazon-freertos/freertos_kernel/tasks.o
                0x60016478                vTaskInternalSetTimeOutState
 .text.xTaskCheckForTimeOut
                0x60016490       0x88 ./rzg/aws/amazon-freertos/freertos_kernel/tasks.o
                0x60016490                xTaskCheckForTimeOut
 .text.vTaskMissedYield
                0x60016518        0xc ./rzg/aws/amazon-freertos/freertos_kernel/tasks.o
                0x60016518                vTaskMissedYield
 .text.xTaskGetSchedulerState
                0x60016524       0x20 ./rzg/aws/amazon-freertos/freertos_kernel/tasks.o
                0x60016524                xTaskGetSchedulerState
 .text.prvCheckForValidListAndQueue
                0x60016544       0x6c ./rzg/aws/amazon-freertos/freertos_kernel/timers.o
 .text.xTimerCreateTimerTask
                0x600165b0       0x6c ./rzg/aws/amazon-freertos/freertos_kernel/timers.o
                0x600165b0                xTimerCreateTimerTask
 .text.xTimerGenericCommand
                0x6001661c       0x70 ./rzg/aws/amazon-freertos/freertos_kernel/timers.o
                0x6001661c                xTimerGenericCommand
 .text.prvSwitchTimerLists
                0x6001668c       0x84 ./rzg/aws/amazon-freertos/freertos_kernel/timers.o
 .text.prvTimerTask
                0x60016710      0x244 ./rzg/aws/amazon-freertos/freertos_kernel/timers.o
 .text          0x60016954       0x48 /usr/lib/gcc/arm-none-eabi/12.2.1/../../../arm-none-eabi/lib/thumb/v8-m.main/nofp/libc_nano.a(lib_a-assert.o)
                0x60016954                __assert_func
                0x60016990                __assert
 .text          0x6001699c        0xc /usr/lib/gcc/arm-none-eabi/12.2.1/../../../arm-none-eabi/lib/thumb/v8-m.main/nofp/libc_nano.a(lib_a-errno.o)
                0x6001699c                __errno
 .text          0x600169a8       0x44 /usr/lib/gcc/arm-none-eabi/12.2.1/../../../arm-none-eabi/lib/thumb/v8-m.main/nofp/libc_nano.a(lib_a-fprintf.o)
                0x600169a8                _fprintf_r
                0x600169a8                _fiprintf_r
                0x600169c4                fprintf
                0x600169c4                fiprintf
 .text          0x600169ec       0xec /usr/lib/gcc/arm-none-eabi/12.2.1/../../../arm-none-eabi/lib/thumb/v8-m.main/nofp/libc_nano.a(lib_a-memcpy.o)
                0x600169ec                memcpy
 .text          0x60016ad8       0xa4 /usr/lib/gcc/arm-none-eabi/12.2.1/../../../arm-none-eabi/lib/thumb/v8-m.main/nofp/libc_nano.a(lib_a-memset.o)
                0x60016ad8                memset
 .text          0x60016b7c      0x314 /usr/lib/gcc/arm-none-eabi/12.2.1/../../../arm-none-eabi/lib/thumb/v8-m.main/nofp/libc_nano.a(lib_a-nano-vfprintf.o)
                0x60016ba4                __sfputs_r
                0x60016bd4                __sprint_r
                0x60016bf0                _vfiprintf_r
                0x60016bf0                _vfprintf_r
                0x60016e78                vfiprintf
                0x60016e78                vfprintf
 .text          0x60016e90      0x3e4 /usr/lib/gcc/arm-none-eabi/12.2.1/../../../arm-none-eabi/lib/thumb/v8-m.main/nofp/libc_nano.a(lib_a-nano-vfprintf_i.o)
                0x60016e90                _printf_common
                0x60016fb4                _printf_i
 .text          0x60017274      0x1bc /usr/lib/gcc/arm-none-eabi/12.2.1/../../../arm-none-eabi/lib/thumb/v8-m.main/nofp/libc_nano.a(lib_a-strcmp.o)
                0x60017274                strcmp
 .text          0x60017430       0x78 /usr/lib/gcc/arm-none-eabi/12.2.1/../../../arm-none-eabi/lib/thumb/v8-m.main/nofp/libc_nano.a(lib_a-strncmp.o)
                0x60017430                strncmp
 .text          0x600174a8       0x64 /usr/lib/gcc/arm-none-eabi/12.2.1/../../../arm-none-eabi/lib/thumb/v8-m.main/nofp/libc_nano.a(lib_a-strncpy.o)
                0x600174a8                strncpy
 .text          0x6001750c       0xc0 /usr/lib/gcc/arm-none-eabi/12.2.1/../../../arm-none-eabi/lib/thumb/v8-m.main/nofp/libc_nano.a(lib_a-wbuf.o)
                0x6001750c                __swbuf_r
                0x600175bc                __swbuf
 .text          0x600175cc      0x104 /usr/lib/gcc/arm-none-eabi/12.2.1/../../../arm-none-eabi/lib/thumb/v8-m.main/nofp/libc_nano.a(lib_a-wsetup.o)
                0x600175cc                __swsetup_r
 .text          0x600176d0       0x10 /usr/lib/gcc/arm-none-eabi/12.2.1/../../../arm-none-eabi/lib/thumb/v8-m.main/nofp/libc_nano.a(lib_a-abort.o)
                0x600176d0                abort
 .text          0x600176e0      0x1ec /usr/lib/gcc/arm-none-eabi/12.2.1/../../../arm-none-eabi/lib/thumb/v8-m.main/nofp/libc_nano.a(lib_a-fflush.o)
                0x600176e0                __sflush_r
                0x600177f8                _fflush_r
                0x6001784c                fflush
 .text          0x600178cc      0x240 /usr/lib/gcc/arm-none-eabi/12.2.1/../../../arm-none-eabi/lib/thumb/v8-m.main/nofp/libc_nano.a(lib_a-findfp.o)
                0x600178d0                _cleanup_r
                0x600178e0                __sfmoreglue
                0x60017910                __sfp
                0x60017ab8                _cleanup
                0x60017acc                __sinit
                0x60017ad4                __sfp_lock_acquire
                0x60017ad8                __sfp_lock_release
                0x60017adc                __sinit_lock_acquire
                0x60017ae0                __sinit_lock_release
                0x60017ae4                __fp_lock_all
                0x60017af8                __fp_unlock_all
 .text          0x60017b0c      0x2ec /usr/lib/gcc/arm-none-eabi/12.2.1/../../../arm-none-eabi/lib/thumb/v8-m.main/nofp/libc_nano.a(lib_a-fvwrite.o)
                0x60017b0c                __sfvwrite_r
 .text          0x60017df8       0x84 /usr/lib/gcc/arm-none-eabi/12.2.1/../../../arm-none-eabi/lib/thumb/v8-m.main/nofp/libc_nano.a(lib_a-fwalk.o)
                0x60017df8                _fwalk
                0x60017e38                _fwalk_reent
 .text          0x60017e7c      0x120 /usr/lib/gcc/arm-none-eabi/12.2.1/../../../arm-none-eabi/lib/thumb/v8-m.main/nofp/libc_nano.a(lib_a-makebuf.o)
                0x60017e7c                __smakebuf_r
                0x60017f40                __swhatbuf_r
 .text          0x60017f9c       0x7c /usr/lib/gcc/arm-none-eabi/12.2.1/../../../arm-none-eabi/lib/thumb/v8-m.main/nofp/libc_nano.a(lib_a-memchr-stub.o)
                0x60017f9c                memchr
 .text          0x60018018       0xf8 /usr/lib/gcc/arm-none-eabi/12.2.1/../../../arm-none-eabi/lib/thumb/v8-m.main/nofp/libc_nano.a(lib_a-memmove.o)
                0x60018018                memmove
 .text          0x60018110       0xb8 /usr/lib/gcc/arm-none-eabi/12.2.1/../../../arm-none-eabi/lib/thumb/v8-m.main/nofp/libc_nano.a(lib_a-nano-freer.o)
                0x60018110                _free_r
 .text          0x600181c8       0xb4 /usr/lib/gcc/arm-none-eabi/12.2.1/../../../arm-none-eabi/lib/thumb/v8-m.main/nofp/libc_nano.a(lib_a-nano-mallocr.o)
                0x600181c8                _malloc_r
 .text          0x6001827c       0x50 /usr/lib/gcc/arm-none-eabi/12.2.1/../../../arm-none-eabi/lib/thumb/v8-m.main/nofp/libc_nano.a(lib_a-nano-reallocr.o)
                0x6001827c                _realloc_r
 .text          0x600182cc       0x24 /usr/lib/gcc/arm-none-eabi/12.2.1/../../../arm-none-eabi/lib/thumb/v8-m.main/nofp/libc_nano.a(lib_a-sbrkr.o)
                0x600182cc                _sbrk_r
 .text          0x600182f0      0x268 /usr/lib/gcc/arm-none-eabi/12.2.1/../../../arm-none-eabi/lib/thumb/v8-m.main/nofp/libc_nano.a(lib_a-signal.o)
                0x600182f0                _init_signal_r
                0x6001831c                _signal_r
                0x60018364                _raise_r
                0x600183b8                __sigtramp_r
                0x60018418                raise
                0x60018470                signal
                0x600184c0                _init_signal
                0x600184f4                __sigtramp
 .text          0x60018558       0x30 /usr/lib/gcc/arm-none-eabi/12.2.1/../../../arm-none-eabi/lib/thumb/v8-m.main/nofp/libc_nano.a(lib_a-signalr.o)
                0x60018558                _kill_r
                0x60018584                _getpid_r
 .text          0x60018588       0x94 /usr/lib/gcc/arm-none-eabi/12.2.1/../../../arm-none-eabi/lib/thumb/v8-m.main/nofp/libc_nano.a(lib_a-stdio.o)
                0x60018588                __sread
                0x600185ac                __seofread
                0x600185b0                __swrite
                0x600185f0                __sseek
                0x60018614                __sclose
 .text          0x6001861c       0x2c /usr/lib/gcc/arm-none-eabi/12.2.1/../../../arm-none-eabi/lib/thumb/v8-m.main/nofp/libc_nano.a(lib_a-writer.o)
                0x6001861c                _write_r
 .text          0x60018648       0x24 /usr/lib/gcc/arm-none-eabi/12.2.1/../../../arm-none-eabi/lib/thumb/v8-m.main/nofp/libc_nano.a(lib_a-closer.o)
                0x60018648                _close_r
 .text          0x6001866c       0x2c /usr/lib/gcc/arm-none-eabi/12.2.1/../../../arm-none-eabi/lib/thumb/v8-m.main/nofp/libc_nano.a(lib_a-fstatr.o)
                0x6001866c                _fstat_r
 .text          0x60018698       0x24 /usr/lib/gcc/arm-none-eabi/12.2.1/../../../arm-none-eabi/lib/thumb/v8-m.main/nofp/libc_nano.a(lib_a-isattyr.o)
                0x60018698                _isatty_r
 .text          0x600186bc       0x2c /usr/lib/gcc/arm-none-eabi/12.2.1/../../../arm-none-eabi/lib/thumb/v8-m.main/nofp/libc_nano.a(lib_a-lseekr.o)
                0x600186bc                _lseek_r
 .text          0x600186e8        0x8 /usr/lib/gcc/arm-none-eabi/12.2.1/../../../arm-none-eabi/lib/thumb/v8-m.main/nofp/libc_nano.a(lib_a-mlock.o)
                0x600186e8                __malloc_lock
                0x600186ec                __malloc_unlock
 .text          0x600186f0       0x14 /usr/lib/gcc/arm-none-eabi/12.2.1/../../../arm-none-eabi/lib/thumb/v8-m.main/nofp/libc_nano.a(lib_a-nano-msizer.o)
                0x600186f0                _malloc_usable_size_r
 .text          0x60018704       0x2c /usr/lib/gcc/arm-none-eabi/12.2.1/../../../arm-none-eabi/lib/thumb/v8-m.main/nofp/libc_nano.a(lib_a-readr.o)
                0x60018704                _read_r
 .text          0x60018730       0x10 /usr/lib/gcc/arm-none-eabi/12.2.1/../../../arm-none-eabi/lib/thumb/v8-m.main/nofp/libnosys.a(close.o)
                0x60018730                _close
 .text          0x60018740       0x10 /usr/lib/gcc/arm-none-eabi/12.2.1/../../../arm-none-eabi/lib/thumb/v8-m.main/nofp/libnosys.a(fstat.o)
                0x60018740                _fstat
 .text          0x60018750       0x10 /usr/lib/gcc/arm-none-eabi/12.2.1/../../../arm-none-eabi/lib/thumb/v8-m.main/nofp/libnosys.a(getpid.o)
                0x60018750                _getpid
 .text          0x60018760       0x10 /usr/lib/gcc/arm-none-eabi/12.2.1/../../../arm-none-eabi/lib/thumb/v8-m.main/nofp/libnosys.a(isatty.o)
                0x60018760                _isatty
 .text          0x60018770       0x10 /usr/lib/gcc/arm-none-eabi/12.2.1/../../../arm-none-eabi/lib/thumb/v8-m.main/nofp/libnosys.a(kill.o)
                0x60018770                _kill
 .text          0x60018780       0x10 /usr/lib/gcc/arm-none-eabi/12.2.1/../../../arm-none-eabi/lib/thumb/v8-m.main/nofp/libnosys.a(lseek.o)
                0x60018780                _lseek
 .text          0x60018790       0x10 /usr/lib/gcc/arm-none-eabi/12.2.1/../../../arm-none-eabi/lib/thumb/v8-m.main/nofp/libnosys.a(read.o)
                0x60018790                _read
 .text          0x600187a0       0x10 /usr/lib/gcc/arm-none-eabi/12.2.1/../../../arm-none-eabi/lib/thumb/v8-m.main/nofp/libnosys.a(write.o)
                0x600187a0                _write
 .text          0x600187b0        0x4 /usr/lib/gcc/arm-none-eabi/12.2.1/../../../arm-none-eabi/lib/thumb/v8-m.main/nofp/libnosys.a(_exit.o)
                0x600187b0                _exit
 .text          0x600187b4      0x378 /usr/lib/gcc/arm-none-eabi/12.2.1/thumb/v8-m.main/nofp/libgcc.a(_arm_addsubdf3.o)
                0x600187b4                __aeabi_drsub
                0x600187bc                __aeabi_dsub
                0x600187bc                __subdf3
                0x600187c0                __adddf3
                0x600187c0                __aeabi_dadd
                0x60018a38                __aeabi_ui2d
                0x60018a38                __floatunsidf
                0x60018a58                __floatsidf
                0x60018a58                __aeabi_i2d
                0x60018a7c                __extendsfdf2
                0x60018a7c                __aeabi_f2d
                0x60018ac0                __aeabi_ul2d
                0x60018ac0                __floatundidf
                0x60018ad0                __floatdidf
                0x60018ad0                __aeabi_l2d
 .text          0x60018b2c      0x110 /usr/lib/gcc/arm-none-eabi/12.2.1/thumb/v8-m.main/nofp/libgcc.a(_arm_cmpdf2.o)
                0x60018b2c                __gtdf2
                0x60018b2c                __gedf2
                0x60018b34                __ltdf2
                0x60018b34                __ledf2
                0x60018b3c                __cmpdf2
                0x60018b3c                __eqdf2
                0x60018b3c                __nedf2
                0x60018bb8                __aeabi_cdrcmple
                0x60018bc8                __aeabi_cdcmple
                0x60018bc8                __aeabi_cdcmpeq
                0x60018bd8                __aeabi_dcmpeq
                0x60018bec                __aeabi_dcmplt
                0x60018c00                __aeabi_dcmple
                0x60018c14                __aeabi_dcmpge
                0x60018c28                __aeabi_dcmpgt
 .text          0x60018c3c       0x30 /usr/lib/gcc/arm-none-eabi/12.2.1/thumb/v8-m.main/nofp/libgcc.a(_fixdfdi.o)
                0x60018c3c                __aeabi_d2lz
                0x60018c3c                __fixdfdi
 .text          0x60018c6c       0x3c /usr/lib/gcc/arm-none-eabi/12.2.1/thumb/v8-m.main/nofp/libgcc.a(_fixunsdfdi.o)
                0x60018c6c                __aeabi_d2ulz
                0x60018c6c                __fixunsdfdi
 .text          0x60018ca8      0x254 /usr/lib/gcc/arm-none-eabi/12.2.1/thumb/v8-m.main/nofp/libgcc.a(_arm_muldf3.o)
                0x60018ca8                __aeabi_dmul
                0x60018ca8                __muldf3
 .text          0x60018efc       0x40 /usr/lib/gcc/arm-none-eabi/12.2.1/thumb/v8-m.main/nofp/libgcc.a(_arm_fixunsdfsi.o)
                0x60018efc                __fixunsdfsi
                0x60018efc                __aeabi_d2uiz
 *(.version)
 .version       0x60018f3c       0x48 ./rzg/fsp/src/bsp/mcu/all/bsp_common.o
 *(.init)
 *(.fini)
 *crtbegin.o(.ctors)
 *crtbegin?.o(.ctors)
 *(EXCLUDE_FILE(crtend.o * crtend?.o *) .ctors)
 *(SORT_BY_NAME(.ctors.*))
 *(.ctors)
 *crtbegin.o(.dtors)
 *crtbegin?.o(.dtors)
 *(EXCLUDE_FILE(crtend.o * crtend?.o *) .dtors)
 *(SORT_BY_NAME(.dtors.*))
 *(.dtors)
 *(.rodata*)
 .rodata.MainTask_entry.str1.4
                0x60018f84       0xc6 ./src/MainTask_entry.o
 *fill*         0x6001904a        0x2 
 .rodata.CSWTCH.27
                0x6001904c       0x2f ./src/mbed_printf_implementation.o
 *fill*         0x6001907b        0x1 
 .rodata.int2hex_upper.0
                0x6001907c       0x10 ./src/mbed_printf_implementation.o
 .rodata.int2hex_lower.1
                0x6001908c       0x10 ./src/mbed_printf_implementation.o
 .rodata.g_bsp_pin_cfg
                0x6001909c        0x8 ./src/pin_data.o
                0x6001909c                g_bsp_pin_cfg
 .rodata.g_bsp_pin_cfg_data
                0x600190a4       0x10 ./src/pin_data.o
                0x600190a4                g_bsp_pin_cfg_data
 .rodata.IpiTaskId.str1.4
                0x600190b4       0x2d ./src/platform_info.o
 *fill*         0x600190e1        0x3 
 .rodata.platform_create_rpmsg_vdev.str1.4
                0x600190e4       0xda ./src/platform_info.o
 *fill*         0x600191be        0x2 
 .rodata.platform_init.str1.4
                0x600191c0       0xd9 ./src/platform_info.o
 *fill*         0x60019299        0x3 
 .rodata.str1.4
                0x6001929c       0x7c ./src/platform_info.o
 .rodata.rpmsg_endpoint_cb0.str1.4
                0x60019318       0x1a ./src/rpmsg_demo.o
 *fill*         0x60019332        0x2 
 .rodata.app.str1.4
                0x60019334       0x5b ./src/rpmsg_demo.o
 *fill*         0x6001938f        0x1 
 .rodata.rzg2_proc_remove.str1.4
                0x60019390       0x26 ./src/rzg2_rproc.o
 *fill*         0x600193b6        0x2 
 .rodata.init_memory_device.str1.4
                0x600193b8       0x76 ./src/rzg2_rproc.o
 *fill*         0x6001942e        0x2 
 .rodata.rzg2_proc_init.str1.4
                0x60019430       0x9e ./src/rzg2_rproc.o
 .rodata.str1.4
                0x600194ce       0x74 ./src/sys_init.o
 *fill*         0x600194ce        0x2 
 .rodata.metal_phys
                0x600194d0       0x18 ./src/sys_init.o
                0x600194d0                metal_phys
 .rodata        0x600194e8        0x8 ./src/sys_init.o
 .rodata.MainTask_create.str1.4
                0x600194f0        0xb ./rzg_gen/MainTask.o
 *fill*         0x600194fb        0x1 
 .rodata.MainTask_parameters
                0x600194fc        0x4 ./rzg_gen/MainTask.o
                0x600194fc                MainTask_parameters
 .rodata.blinky_thread_create.str1.4
                0x60019500        0xe ./rzg_gen/blinky_thread.o
 *fill*         0x6001950e        0x2 
 .rodata.blinky_thread_parameters
                0x60019510        0x4 ./rzg_gen/blinky_thread.o
                0x60019510                blinky_thread_parameters
 .rodata.g_timer2_cfg
                0x60019514       0x20 ./rzg_gen/hal_data.o
                0x60019514                g_timer2_cfg
 .rodata.g_timer2_extend
                0x60019534        0x2 ./rzg_gen/hal_data.o
                0x60019534                g_timer2_extend
 *fill*         0x60019536        0x2 
 .rodata.g_mhu_ns0
                0x60019538        0xc ./rzg_gen/hal_data.o
                0x60019538                g_mhu_ns0
 .rodata.g_mhu_ns0_cfg
                0x60019544       0x14 ./rzg_gen/hal_data.o
                0x60019544                g_mhu_ns0_cfg
 .rodata.g_uart2
                0x60019558        0xc ./rzg_gen/hal_data.o
                0x60019558                g_uart2
 .rodata.g_uart2_cfg
                0x60019564       0x28 ./rzg_gen/hal_data.o
                0x60019564                g_uart2_cfg
 .rodata.g_uart2_cfg_extend
                0x6001958c       0x18 ./rzg_gen/hal_data.o
                0x6001958c                g_uart2_cfg_extend
 .rodata.xHeapRegions
                0x600195a4       0x10 ./rzg_gen/main.o
                0x600195a4                xHeapRegions
 .rodata.rpmsg_init_vdev.str1.4
                0x600195b4       0x13 ./rzg/linaro/open-amp/lib/rpmsg/rpmsg_virtio.o
 *fill*         0x600195c7        0x1 
 .rodata.remoteproc_load.str1.4
                0x600195c8      0x375 ./rzg/linaro/open-amp/lib/remoteproc/remoteproc.o
 *fill*         0x6001993d        0x3 
 .rodata.remoteproc_create_virtio.str1.4
                0x60019940        0xd ./rzg/linaro/open-amp/lib/remoteproc/remoteproc.o
 *fill*         0x6001994d        0x3 
 .rodata.__func__.0
                0x60019950       0x19 ./rzg/linaro/open-amp/lib/remoteproc/remoteproc.o
 *fill*         0x60019969        0x3 
 .rodata.__func__.1
                0x6001996c       0x19 ./rzg/linaro/open-amp/lib/remoteproc/remoteproc.o
 *fill*         0x60019985        0x3 
 .rodata.rproc_virtio_virtqueue_notify.str1.4
                0x60019988       0x56 ./rzg/linaro/open-amp/lib/remoteproc/remoteproc_virtio.o
 *fill*         0x600199de        0x2 
 .rodata.metal_io_write.part.0.str1.4
                0x600199e0       0x2a ./rzg/linaro/open-amp/lib/remoteproc/remoteproc_virtio.o
                                 0x2e (size before relaxing)
 *fill*         0x60019a0a        0x2 
 .rodata.__func__.0
                0x60019a0c        0xe ./rzg/linaro/open-amp/lib/remoteproc/remoteproc_virtio.o
 *fill*         0x60019a1a        0x2 
 .rodata.__func__.1
                0x60019a1c        0xf ./rzg/linaro/open-amp/lib/remoteproc/remoteproc_virtio.o
 *fill*         0x60019a2b        0x1 
 .rodata.__func__.2
                0x60019a2c       0x1e ./rzg/linaro/open-amp/lib/remoteproc/remoteproc_virtio.o
 *fill*         0x60019a4a        0x2 
 .rodata.remoteproc_virtio_dispatch_funcs
                0x60019a4c       0x24 ./rzg/linaro/open-amp/lib/remoteproc/remoteproc_virtio.o
                0x60019a4c                remoteproc_virtio_dispatch_funcs
 .rodata.find_rsc.str1.4
                0x60019a70       0x41 ./rzg/linaro/open-amp/lib/remoteproc/rsc_table_parser.o
 *fill*         0x60019ab1        0x3 
 .rodata.__func__.0
                0x60019ab4        0x9 ./rzg/linaro/open-amp/lib/remoteproc/rsc_table_parser.o
 *fill*         0x60019abd        0x3 
 .rodata.metal_irq_register.str1.4
                0x60019ac0      0x117 ./rzg/linaro/libmetal/lib/system/freertos/irq.o
 *fill*         0x60019bd7        0x1 
 .rodata.metal_irq_unregister.str1.4
                0x60019bd8       0xaf ./rzg/linaro/libmetal/lib/system/freertos/irq.o
 *fill*         0x60019c87        0x1 
 .rodata.__func__.0
                0x60019c88       0x15 ./rzg/linaro/libmetal/lib/system/freertos/irq.o
 *fill*         0x60019c9d        0x3 
 .rodata.__func__.1
                0x60019ca0       0x13 ./rzg/linaro/libmetal/lib/system/freertos/irq.o
 *fill*         0x60019cb3        0x1 
 .rodata.metal_bus_register.str1.4
                0x60019cb4       0x13 ./rzg/linaro/libmetal/lib/device.o
 *fill*         0x60019cc7        0x1 
 .rodata.metal_device_close.str1.4
                0x60019cc8       0x3c ./rzg/linaro/libmetal/lib/device.o
 .rodata.__func__.0
                0x60019d04       0x13 ./rzg/linaro/libmetal/lib/device.o
 .rodata.str1.4
                0x60019d17        0x8 ./rzg/linaro/libmetal/lib/device.o
 *fill*         0x60019d17        0x1 
 .rodata.prvTaskExitError.part.0.str1.4
                0x60019d18       0x43 ./rzg/fsp/src/rm_freertos_port/port.o
 *fill*         0x60019d5b        0x1 
 .rodata.vPortExitCritical.str1.4
                0x60019d5c       0x12 ./rzg/fsp/src/rm_freertos_port/port.o
 *fill*         0x60019d6e        0x2 
 .rodata.vPortSVCHandler_C.str1.4
                0x60019d70       0x15 ./rzg/fsp/src/rm_freertos_port/port.o
 *fill*         0x60019d85        0x3 
 .rodata.__func__.1
                0x60019d88       0x11 ./rzg/fsp/src/rm_freertos_port/port.o
 *fill*         0x60019d99        0x3 
 .rodata.__func__.2
                0x60019d9c       0x12 ./rzg/fsp/src/rm_freertos_port/port.o
 *fill*         0x60019dae        0x2 
 .rodata.__func__.3
                0x60019db0       0x12 ./rzg/fsp/src/rm_freertos_port/port.o
 *fill*         0x60019dc2        0x2 
 .rodata.g_uart_on_scif
                0x60019dc4       0x24 ./rzg/fsp/src/r_scif_uart/r_scif_uart.o
                0x60019dc4                g_uart_on_scif
 .rodata.g_mhu_ns_on_mhu_ns
                0x60019de8       0x14 ./rzg/fsp/src/r_mhu_ns/r_mhu_ns.o
                0x60019de8                g_mhu_ns_on_mhu_ns
 .rodata.g_timer_on_gtm
                0x60019dfc       0x34 ./rzg/fsp/src/r_gtm/r_gtm.o
                0x60019dfc                g_timer_on_gtm
 .rodata.g_bsp_leds
                0x60019e30        0x8 ./rzg/board/rzg2l_smarc/board_leds.o
                0x60019e30                g_bsp_leds
 .rodata.g_bsp_prv_leds
                0x60019e38        0x8 ./rzg/board/rzg2l_smarc/board_leds.o
 .rodata.pvPortMalloc.str1.4
                0x60019e40       0xb5 ./rzg/aws/amazon-freertos/freertos_kernel/portable/MemMang/heap_4.o
 *fill*         0x60019ef5        0x3 
 .rodata.vPortFree.str1.4
                0x60019ef8       0x5b ./rzg/aws/amazon-freertos/freertos_kernel/portable/MemMang/heap_4.o
 *fill*         0x60019f53        0x1 
 .rodata.__func__.0
                0x60019f54        0xa ./rzg/aws/amazon-freertos/freertos_kernel/portable/MemMang/heap_4.o
 *fill*         0x60019f5e        0x2 
 .rodata.__func__.1
                0x60019f60        0xd ./rzg/aws/amazon-freertos/freertos_kernel/portable/MemMang/heap_4.o
 *fill*         0x60019f6d        0x3 
 .rodata.xQueueGenericReset.str1.4
                0x60019f70       0x3b ./rzg/aws/amazon-freertos/freertos_kernel/queue.o
 *fill*         0x60019fab        0x1 
 .rodata.xQueueGenericCreateStatic.str1.4
                0x60019fac       0xdf ./rzg/aws/amazon-freertos/freertos_kernel/queue.o
 *fill*         0x6001a08b        0x1 
 .rodata.xQueueCreateCountingSemaphoreStatic.str1.4
                0x6001a08c       0x2d ./rzg/aws/amazon-freertos/freertos_kernel/queue.o
 *fill*         0x6001a0b9        0x3 
 .rodata.xQueueGenericSend.str1.4
                0x6001a0bc       0xfb ./rzg/aws/amazon-freertos/freertos_kernel/queue.o
 *fill*         0x6001a1b7        0x1 
 .rodata.xQueueGenericSendFromISR.str1.4
                0x6001a1b8       0x1e ./rzg/aws/amazon-freertos/freertos_kernel/queue.o
 *fill*         0x6001a1d6        0x2 
 .rodata.xQueueGiveFromISR.str1.4
                0x6001a1d8       0x7d ./rzg/aws/amazon-freertos/freertos_kernel/queue.o
 *fill*         0x6001a255        0x3 
 .rodata.xQueueReceive.str1.4
                0x6001a258       0x66 ./rzg/aws/amazon-freertos/freertos_kernel/queue.o
 *fill*         0x6001a2be        0x2 
 .rodata.__func__.2
                0x6001a2c0        0xd ./rzg/aws/amazon-freertos/freertos_kernel/queue.o
 *fill*         0x6001a2cd        0x3 
 .rodata.__func__.9
                0x6001a2d0       0x14 ./rzg/aws/amazon-freertos/freertos_kernel/queue.o
 .rodata.__func__.10
                0x6001a2e4        0xe ./rzg/aws/amazon-freertos/freertos_kernel/queue.o
 *fill*         0x6001a2f2        0x2 
 .rodata.__func__.11
                0x6001a2f4       0x12 ./rzg/aws/amazon-freertos/freertos_kernel/queue.o
 *fill*         0x6001a306        0x2 
 .rodata.__func__.12
                0x6001a308       0x19 ./rzg/aws/amazon-freertos/freertos_kernel/queue.o
 *fill*         0x6001a321        0x3 
 .rodata.__func__.13
                0x6001a324       0x12 ./rzg/aws/amazon-freertos/freertos_kernel/queue.o
 *fill*         0x6001a336        0x2 
 .rodata.__func__.14
                0x6001a338       0x1e ./rzg/aws/amazon-freertos/freertos_kernel/queue.o
 *fill*         0x6001a356        0x2 
 .rodata.__func__.15
                0x6001a358       0x24 ./rzg/aws/amazon-freertos/freertos_kernel/queue.o
 .rodata.__func__.17
                0x6001a37c       0x1a ./rzg/aws/amazon-freertos/freertos_kernel/queue.o
 *fill*         0x6001a396        0x2 
 .rodata.__func__.18
                0x6001a398       0x13 ./rzg/aws/amazon-freertos/freertos_kernel/queue.o
 *fill*         0x6001a3ab        0x1 
 .rodata.prvTaskIsTaskSuspended.part.0.str1.4
                0x6001a3ac       0x3b ./rzg/aws/amazon-freertos/freertos_kernel/tasks.o
 *fill*         0x6001a3e7        0x1 
 .rodata.prvIdleTask.str1.4
                0x6001a3e8       0x32 ./rzg/aws/amazon-freertos/freertos_kernel/tasks.o
 *fill*         0x6001a41a        0x2 
 .rodata.xTaskCreateStatic.str1.4
                0x6001a41c       0x55 ./rzg/aws/amazon-freertos/freertos_kernel/tasks.o
 *fill*         0x6001a471        0x3 
 .rodata.vTaskDelete.str1.4
                0x6001a474       0x1a ./rzg/aws/amazon-freertos/freertos_kernel/tasks.o
 *fill*         0x6001a48e        0x2 
 .rodata.vTaskStartScheduler.str1.4
                0x6001a490       0x1a ./rzg/aws/amazon-freertos/freertos_kernel/tasks.o
 *fill*         0x6001a4aa        0x2 
 .rodata.xTaskIncrementTick.str1.4
                0x6001a4ac       0x76 ./rzg/aws/amazon-freertos/freertos_kernel/tasks.o
 *fill*         0x6001a522        0x2 
 .rodata.xTaskResumeAll.str1.4
                0x6001a524       0x15 ./rzg/aws/amazon-freertos/freertos_kernel/tasks.o
 *fill*         0x6001a539        0x3 
 .rodata.vTaskSwitchContext.str1.4
                0x6001a53c        0xe ./rzg/aws/amazon-freertos/freertos_kernel/tasks.o
 *fill*         0x6001a54a        0x2 
 .rodata.vTaskPlaceOnEventList.str1.4
                0x6001a54c        0xc ./rzg/aws/amazon-freertos/freertos_kernel/tasks.o
 .rodata.xTaskRemoveFromEventList.str1.4
                0x6001a558        0xf ./rzg/aws/amazon-freertos/freertos_kernel/tasks.o
 *fill*         0x6001a567        0x1 
 .rodata.vTaskSetTimeOutState.str1.4
                0x6001a568        0xa ./rzg/aws/amazon-freertos/freertos_kernel/tasks.o
 *fill*         0x6001a572        0x2 
 .rodata.xTaskCheckForTimeOut.str1.4
                0x6001a574        0xe ./rzg/aws/amazon-freertos/freertos_kernel/tasks.o
 *fill*         0x6001a582        0x2 
 .rodata.__func__.7
                0x6001a584       0x15 ./rzg/aws/amazon-freertos/freertos_kernel/tasks.o
 *fill*         0x6001a599        0x3 
 .rodata.__func__.10
                0x6001a59c       0x19 ./rzg/aws/amazon-freertos/freertos_kernel/tasks.o
 *fill*         0x6001a5b5        0x3 
 .rodata.__func__.11
                0x6001a5b8       0x20 ./rzg/aws/amazon-freertos/freertos_kernel/tasks.o
 .rodata.__func__.13
                0x6001a5d8       0x16 ./rzg/aws/amazon-freertos/freertos_kernel/tasks.o
 *fill*         0x6001a5ee        0x2 
 .rodata.__func__.14
                0x6001a5f0       0x13 ./rzg/aws/amazon-freertos/freertos_kernel/tasks.o
 *fill*         0x6001a603        0x1 
 .rodata.__func__.15
                0x6001a604       0x13 ./rzg/aws/amazon-freertos/freertos_kernel/tasks.o
 *fill*         0x6001a617        0x1 
 .rodata.__func__.18
                0x6001a618        0xf ./rzg/aws/amazon-freertos/freertos_kernel/tasks.o
 *fill*         0x6001a627        0x1 
 .rodata.__func__.19
                0x6001a628       0x14 ./rzg/aws/amazon-freertos/freertos_kernel/tasks.o
 .rodata.__func__.25
                0x6001a63c        0xb ./rzg/aws/amazon-freertos/freertos_kernel/tasks.o
 *fill*         0x6001a647        0x1 
 .rodata.__func__.27
                0x6001a648        0xd ./rzg/aws/amazon-freertos/freertos_kernel/tasks.o
 *fill*         0x6001a655        0x3 
 .rodata.__func__.28
                0x6001a658        0xc ./rzg/aws/amazon-freertos/freertos_kernel/tasks.o
 .rodata.__func__.30
                0x6001a664       0x12 ./rzg/aws/amazon-freertos/freertos_kernel/tasks.o
 *fill*         0x6001a676        0x2 
 .rodata.prvCheckForValidListAndQueue.str1.4
                0x6001a678        0x5 ./rzg/aws/amazon-freertos/freertos_kernel/timers.o
 *fill*         0x6001a67d        0x3 
 .rodata.prvInitialiseNewTimer.part.0.str1.4
                0x6001a680       0x50 ./rzg/aws/amazon-freertos/freertos_kernel/timers.o
 .rodata.xTimerCreateTimerTask.str1.4
                0x6001a6d0       0x10 ./rzg/aws/amazon-freertos/freertos_kernel/timers.o
 .rodata.xTimerGenericCommand.str1.4
                0x6001a6e0        0x7 ./rzg/aws/amazon-freertos/freertos_kernel/timers.o
 *fill*         0x6001a6e7        0x1 
 .rodata.prvSwitchTimerLists.str1.4
                0x6001a6e8        0x8 ./rzg/aws/amazon-freertos/freertos_kernel/timers.o
 .rodata.prvTimerTask.str1.4
                0x6001a6f0       0x25 ./rzg/aws/amazon-freertos/freertos_kernel/timers.o
 *fill*         0x6001a715        0x3 
 .rodata.__func__.9
                0x6001a718       0x15 ./rzg/aws/amazon-freertos/freertos_kernel/timers.o
 *fill*         0x6001a72d        0x3 
 .rodata.__func__.14
                0x6001a730       0x1b ./rzg/aws/amazon-freertos/freertos_kernel/timers.o
 *fill*         0x6001a74b        0x1 
 .rodata.__func__.15
                0x6001a74c       0x17 ./rzg/aws/amazon-freertos/freertos_kernel/timers.o
 *fill*         0x6001a763        0x1 
 .rodata.__func__.16
                0x6001a764       0x14 ./rzg/aws/amazon-freertos/freertos_kernel/timers.o
 .rodata.__func__.18
                0x6001a778       0x16 ./rzg/aws/amazon-freertos/freertos_kernel/timers.o
 *fill*         0x6001a78e        0x2 
 .rodata.str1.4
                0x6001a790       0x3f /usr/lib/gcc/arm-none-eabi/12.2.1/../../../arm-none-eabi/lib/thumb/v8-m.main/nofp/libc_nano.a(lib_a-assert.o)
                                 0x43 (size before relaxing)
 *fill*         0x6001a7cf        0x1 
 .rodata        0x6001a7d0        0x4 /usr/lib/gcc/arm-none-eabi/12.2.1/../../../arm-none-eabi/lib/thumb/v8-m.main/nofp/libc_nano.a(lib_a-impure.o)
                0x6001a7d0                _global_impure_ptr
 .rodata.str1.4
                0x6001a7d4       0x13 /usr/lib/gcc/arm-none-eabi/12.2.1/../../../arm-none-eabi/lib/thumb/v8-m.main/nofp/libc_nano.a(lib_a-nano-vfprintf.o)
 *fill*         0x6001a7e7        0x1 
 .rodata.str1.4
                0x6001a7e8       0x25 /usr/lib/gcc/arm-none-eabi/12.2.1/../../../arm-none-eabi/lib/thumb/v8-m.main/nofp/libc_nano.a(lib_a-nano-vfprintf_i.o)
 *fill*         0x6001a80d        0x3 
 .rodata        0x6001a810       0x60 /usr/lib/gcc/arm-none-eabi/12.2.1/../../../arm-none-eabi/lib/thumb/v8-m.main/nofp/libc_nano.a(lib_a-findfp.o)
                0x6001a810                __sf_fake_stderr
                0x6001a830                __sf_fake_stdout
                0x6001a850                __sf_fake_stdin
 *(.eh_frame*)

.glue_7         0x6001a870        0x0
 .glue_7        0x6001a870        0x0 linker stubs

.glue_7t        0x6001a870        0x0
 .glue_7t       0x6001a870        0x0 linker stubs

.vfp11_veneer   0x6001a870        0x0
 .vfp11_veneer  0x6001a870        0x0 linker stubs

.v4_bx          0x6001a870        0x0
 .v4_bx         0x6001a870        0x0 linker stubs

.iplt           0x6001a870        0x0
 .iplt          0x6001a870        0x0 ./src/MainTask_entry.o

.rel.dyn        0x6001a870        0x0
 .rel.iplt      0x6001a870        0x0 ./src/MainTask_entry.o

.ARM.extab
 *(.ARM.extab* .gnu.linkonce.armextab.*)
                0x6001a870                        __exidx_start = .

.ARM.exidx
 *(.ARM.exidx* .gnu.linkonce.armexidx.*)
                0x6001a870                        __exidx_end = .
                0x6001a870                        __etext = .
                0x60110000                        __tz_RAM_N = ABSOLUTE (RAM_N_START)
                0x60110000                        . = __tz_RAM_N

.data           0x60110000      0x5c4 load address 0x6001a870
                0x60110000                        __data_start__ = .
                0x60110000                        . = ALIGN (0x4)
                0x60110000                        __Code_In_RAM_Start = .
 *(.code_in_ram*)
                0x60110000                        __Code_In_RAM_End = .
 *(vtable)
 *(.data.*)
 .data.vrinfo   0x60110000      0x1b0 ./src/platform_info.o
                0x60110000                vrinfo
 .data.ipi      0x601101b0       0x2c ./src/platform_info.o
                0x601101b0                ipi
 .data.resources_init
                0x601101dc       0xe0 ./src/rsc_table.o
                0x601101dc                resources_init
 .data.rzg2_proc_ops
                0x601102bc       0x24 ./src/rzg2_rproc.o
                0x601102bc                rzg2_proc_ops
 .data.flag_tend
                0x601102e0        0x4 ./src/serial.o
 .data.metal_dev_table
                0x601102e4      0x1c8 ./src/sys_init.o
                0x601102e4                metal_dev_table
 .data.g_uart2_baud_setting
                0x601104ac        0x3 ./rzg_gen/hal_data.o
                0x601104ac                g_uart2_baud_setting
 *fill*         0x601104af        0x1 
 .data.rsc_handler_table
                0x601104b0       0x18 ./rzg/linaro/open-amp/lib/remoteproc/rsc_table_parser.o
                0x601104b0                rsc_handler_table
 .data._irqs    0x601104c8        0xc ./rzg/linaro/libmetal/lib/system/freertos/irq.o
 .data.metal_generic_bus
                0x601104d4       0x2c ./rzg/linaro/libmetal/lib/device.o
                0x601104d4                metal_generic_bus
 .data.ulCriticalNesting
                0x60110500        0x4 ./rzg/fsp/src/rm_freertos_port/port.o
 *fill*         0x60110504        0x4 
 .data.g_clock_freq
                0x60110508       0x54 ./rzg/fsp/src/bsp/mcu/all/bsp_clocks.o
 .data.uxTopUsedPriority
                0x6011055c        0x4 ./rzg/aws/amazon-freertos/freertos_kernel/tasks.o
                0x6011055c                uxTopUsedPriority
 *(.data)
 .data          0x60110560       0x64 /usr/lib/gcc/arm-none-eabi/12.2.1/../../../arm-none-eabi/lib/thumb/v8-m.main/nofp/libc_nano.a(lib_a-impure.o)
                0x60110560                _impure_ptr
                0x601105c4                        . = ALIGN (0x4)
                [!provide]                        PROVIDE (__preinit_array_start = .)
 *(.preinit_array)
                [!provide]                        PROVIDE (__preinit_array_end = .)
                0x601105c4                        . = ALIGN (0x4)
                0x601105c4                        PROVIDE (__init_array_start = .)
 *(SORT_BY_NAME(.init_array.*))
 *(.init_array)
                0x601105c4                        PROVIDE (__init_array_end = .)
                0x601105c4                        . = ALIGN (0x4)
                [!provide]                        PROVIDE (__fini_array_start = .)
 *(SORT_BY_NAME(.fini_array.*))
 *(.fini_array)
                [!provide]                        PROVIDE (__fini_array_end = .)
 *(.jcr*)
                0x601105c4                        . = ALIGN (0x4)
                0x601105c4                        __data_end__ = .

.igot.plt       0x601105c4        0x0 load address 0x6001ae34
 .igot.plt      0x601105c4        0x0 ./src/MainTask_entry.o

.noinit         0x601105c4        0x4 load address 0x6001ae34
                0x601105c4                        . = ALIGN (0x4)
                0x601105c4                        __noinit_start = .
 *(.noinit*)
                0x601105c8                        . = ALIGN (0x8)
 *fill*         0x601105c4        0x4 
 *(.heap.*)
                0x601105c8                        __noinit_end = .

.bss            0x601105c8     0xb060 load address 0x6001ae34
                0x601105c8                        . = ALIGN (0x4)
                0x601105c8                        __bss_start__ = .
 *(.bss*)
 .bss.shpool    0x601105c8        0xc ./src/platform_info.o
 .bss.ipi_tsk_id
                0x601105d4        0x8 ./src/platform_info.o
 .bss.evt_svc_unbind
                0x601105dc        0x8 ./src/rpmsg_demo.o
 .bss.rp_ept    0x601105e4       0x80 ./src/rpmsg_demo.o
 .bss.xSerialPortInitialized
                0x60110664        0x4 ./src/serial.o
 .bss.MainTask  0x60110668        0x4 ./rzg_gen/MainTask.o
                0x60110668                MainTask
 .bss.blinky_thread
                0x6011066c        0x4 ./rzg_gen/blinky_thread.o
                0x6011066c                blinky_thread
 .bss.g_ioport_ctrl
                0x60110670        0x8 ./rzg_gen/common_data.o
                0x60110670                g_ioport_ctrl
 .bss.g_timer2_ctrl
                0x60110678       0x1c ./rzg_gen/hal_data.o
                0x60110678                g_timer2_ctrl
 .bss.g_mhu_ns0_ctrl
                0x60110694       0x28 ./rzg_gen/hal_data.o
                0x60110694                g_mhu_ns0_ctrl
 .bss.g_uart2_ctrl
                0x601106bc       0x30 ./rzg_gen/hal_data.o
                0x601106bc                g_uart2_ctrl
 .bss.uxTimerTaskStack.3
                0x601106ec      0x200 ./rzg_gen/main.o
 .bss.xTimerTaskTCB.2
                0x601108ec       0x60 ./rzg_gen/main.o
 .bss.uxIdleTaskStack.1
                0x6011094c      0x200 ./rzg_gen/main.o
 .bss.xIdleTaskTCB.0
                0x60110b4c       0x60 ./rzg_gen/main.o
 .bss.g_fsp_common_initialized_semaphore_memory
                0x60110bac       0x48 ./rzg_gen/main.o
                0x60110bac                g_fsp_common_initialized_semaphore_memory
 .bss.g_fsp_common_initialized_semaphore
                0x60110bf4        0x4 ./rzg_gen/main.o
                0x60110bf4                g_fsp_common_initialized_semaphore
 .bss.g_fsp_common_initialized
                0x60110bf8        0x1 ./rzg_gen/main.o
                0x60110bf8                g_fsp_common_initialized
 *fill*         0x60110bf9        0x3 
 .bss.g_fsp_common_thread_count
                0x60110bfc        0x4 ./rzg_gen/main.o
                0x60110bfc                g_fsp_common_thread_count
 .bss._metal    0x60110c00       0x20 ./rzg/linaro/libmetal/lib/system/freertos/init.o
                0x60110c00                _metal
 .bss.ucHeap    0x60110c20     0xa000 ./rzg/fsp/src/rm_freertos_port/port.o
                0x60110c20                ucHeap
 .bss.g_protect_pfswe_counter
                0x6011ac20        0x4 ./rzg/fsp/src/bsp/mcu/all/bsp_io.o
                0x6011ac20                g_protect_pfswe_counter
 .bss.gp_renesas_isr_context
                0x6011ac24      0x780 ./rzg/fsp/src/bsp/mcu/all/bsp_irq.o
                0x6011ac24                gp_renesas_isr_context
 .bss.current_heap_end.0
                0x6011b3a4        0x4 ./rzg/fsp/src/bsp/mcu/all/bsp_sbrk.o
 .bss.SystemCoreClock
                0x6011b3a8        0x4 ./rzg/fsp/src/bsp/cmsis/Device/RENESAS/Source/system.o
                0x6011b3a8                SystemCoreClock
 .bss.xBlockAllocatedBit
                0x6011b3ac        0x4 ./rzg/aws/amazon-freertos/freertos_kernel/portable/MemMang/heap_4.o
 .bss.xNumberOfSuccessfulFrees
                0x6011b3b0        0x4 ./rzg/aws/amazon-freertos/freertos_kernel/portable/MemMang/heap_4.o
 .bss.xNumberOfSuccessfulAllocations
                0x6011b3b4        0x4 ./rzg/aws/amazon-freertos/freertos_kernel/portable/MemMang/heap_4.o
 .bss.xMinimumEverFreeBytesRemaining
                0x6011b3b8        0x4 ./rzg/aws/amazon-freertos/freertos_kernel/portable/MemMang/heap_4.o
 .bss.xFreeBytesRemaining
                0x6011b3bc        0x4 ./rzg/aws/amazon-freertos/freertos_kernel/portable/MemMang/heap_4.o
 .bss.pxEnd     0x6011b3c0        0x4 ./rzg/aws/amazon-freertos/freertos_kernel/portable/MemMang/heap_4.o
 .bss.xStart    0x6011b3c4        0x8 ./rzg/aws/amazon-freertos/freertos_kernel/portable/MemMang/heap_4.o
 *fill*         0x6011b3cc        0x4 
 .bss.xQueueRegistry
                0x6011b3d0       0x50 ./rzg/aws/amazon-freertos/freertos_kernel/queue.o
                0x6011b3d0                xQueueRegistry
 .bss.uxSchedulerSuspended
                0x6011b420        0x4 ./rzg/aws/amazon-freertos/freertos_kernel/tasks.o
 .bss.xNextTaskUnblockTime
                0x6011b424        0x4 ./rzg/aws/amazon-freertos/freertos_kernel/tasks.o
 .bss.uxTaskNumber
                0x6011b428        0x4 ./rzg/aws/amazon-freertos/freertos_kernel/tasks.o
 .bss.xNumOfOverflows
                0x6011b42c        0x4 ./rzg/aws/amazon-freertos/freertos_kernel/tasks.o
 .bss.xYieldPending
                0x6011b430        0x4 ./rzg/aws/amazon-freertos/freertos_kernel/tasks.o
 .bss.xPendedTicks
                0x6011b434        0x4 ./rzg/aws/amazon-freertos/freertos_kernel/tasks.o
 .bss.xSchedulerRunning
                0x6011b438        0x4 ./rzg/aws/amazon-freertos/freertos_kernel/tasks.o
 .bss.uxTopReadyPriority
                0x6011b43c        0x4 ./rzg/aws/amazon-freertos/freertos_kernel/tasks.o
 .bss.xTickCount
                0x6011b440        0x4 ./rzg/aws/amazon-freertos/freertos_kernel/tasks.o
 .bss.uxCurrentNumberOfTasks
                0x6011b444        0x4 ./rzg/aws/amazon-freertos/freertos_kernel/tasks.o
 .bss.xSuspendedTaskList
                0x6011b448       0x14 ./rzg/aws/amazon-freertos/freertos_kernel/tasks.o
 .bss.uxDeletedTasksWaitingCleanUp
                0x6011b45c        0x4 ./rzg/aws/amazon-freertos/freertos_kernel/tasks.o
 .bss.xTasksWaitingTermination
                0x6011b460       0x14 ./rzg/aws/amazon-freertos/freertos_kernel/tasks.o
 .bss.xPendingReadyList
                0x6011b474       0x14 ./rzg/aws/amazon-freertos/freertos_kernel/tasks.o
 .bss.pxOverflowDelayedTaskList
                0x6011b488        0x4 ./rzg/aws/amazon-freertos/freertos_kernel/tasks.o
 .bss.pxDelayedTaskList
                0x6011b48c        0x4 ./rzg/aws/amazon-freertos/freertos_kernel/tasks.o
 .bss.xDelayedTaskList2
                0x6011b490       0x14 ./rzg/aws/amazon-freertos/freertos_kernel/tasks.o
 .bss.xDelayedTaskList1
                0x6011b4a4       0x14 ./rzg/aws/amazon-freertos/freertos_kernel/tasks.o
 .bss.pxReadyTasksLists
                0x6011b4b8       0x64 ./rzg/aws/amazon-freertos/freertos_kernel/tasks.o
 .bss.pxCurrentTCB
                0x6011b51c        0x4 ./rzg/aws/amazon-freertos/freertos_kernel/tasks.o
                0x6011b51c                pxCurrentTCB
 .bss.xStaticTimerQueue.12
                0x6011b520       0x48 ./rzg/aws/amazon-freertos/freertos_kernel/timers.o
 .bss.ucStaticTimerQueueStorage.13
                0x6011b568       0x78 ./rzg/aws/amazon-freertos/freertos_kernel/timers.o
 .bss.xLastTime.17
                0x6011b5e0        0x4 ./rzg/aws/amazon-freertos/freertos_kernel/timers.o
 .bss.xTimerTaskHandle
                0x6011b5e4        0x4 ./rzg/aws/amazon-freertos/freertos_kernel/timers.o
 .bss.xTimerQueue
                0x6011b5e8        0x4 ./rzg/aws/amazon-freertos/freertos_kernel/timers.o
 .bss.pxOverflowTimerList
                0x6011b5ec        0x4 ./rzg/aws/amazon-freertos/freertos_kernel/timers.o
 .bss.pxCurrentTimerList
                0x6011b5f0        0x4 ./rzg/aws/amazon-freertos/freertos_kernel/timers.o
 .bss.xActiveTimerList2
                0x6011b5f4       0x14 ./rzg/aws/amazon-freertos/freertos_kernel/timers.o
 .bss.xActiveTimerList1
                0x6011b608       0x14 ./rzg/aws/amazon-freertos/freertos_kernel/timers.o
 .bss           0x6011b61c        0x8 /usr/lib/gcc/arm-none-eabi/12.2.1/../../../arm-none-eabi/lib/thumb/v8-m.main/nofp/libc_nano.a(lib_a-nano-mallocr.o)
                0x6011b61c                __malloc_free_list
                0x6011b620                __malloc_sbrk_start
 .bss           0x6011b624        0x4 /usr/lib/gcc/arm-none-eabi/12.2.1/../../../arm-none-eabi/lib/thumb/v8-m.main/nofp/libc_nano.a(lib_a-reent.o)
                0x6011b624                errno
 *(COMMON)
                0x6011b628                        . = ALIGN (0x4)
                0x6011b628                        __bss_end__ = .

.heap           0x6011b628        0x0 load address 0x6001ae34
                0x6011b628                        . = ALIGN (0x8)
                0x6011b628                        __HeapBase = .
 *(.heap)
                0x6011b628                        __HeapLimit = .

.stack_dummy    0x6011b628      0x200 load address 0x6001ae34
                0x6011b628                        . = ALIGN (0x8)
                0x6011b628                        __StackLimit = .
 *(.stack)